Archive member included to satisfy reference by file (symbol)

c:/st/stm32cubeide_1.4.0/stm32cubeide/plugins/com.st.stm32cube.ide.mcu.externaltools.gnu-tools-for-stm32.7-2018-q2-update.win32_1.4.0.202007081208/tools/bin/../lib/gcc/arm-none-eabi/7.3.1/../../../../arm-none-eabi/lib/thumb/v7-m\libc_nano.a(lib_a-errno.o)
                              Core/Src/syscalls.o (__errno)
c:/st/stm32cubeide_1.4.0/stm32cubeide/plugins/com.st.stm32cube.ide.mcu.externaltools.gnu-tools-for-stm32.7-2018-q2-update.win32_1.4.0.202007081208/tools/bin/../lib/gcc/arm-none-eabi/7.3.1/../../../../arm-none-eabi/lib/thumb/v7-m\libc_nano.a(lib_a-exit.o)
                              c:/st/stm32cubeide_1.4.0/stm32cubeide/plugins/com.st.stm32cube.ide.mcu.externaltools.gnu-tools-for-stm32.7-2018-q2-update.win32_1.4.0.202007081208/tools/bin/../lib/gcc/arm-none-eabi/7.3.1/../../../../arm-none-eabi/lib/thumb/v7-m/crt0.o (exit)
c:/st/stm32cubeide_1.4.0/stm32cubeide/plugins/com.st.stm32cube.ide.mcu.externaltools.gnu-tools-for-stm32.7-2018-q2-update.win32_1.4.0.202007081208/tools/bin/../lib/gcc/arm-none-eabi/7.3.1/../../../../arm-none-eabi/lib/thumb/v7-m\libc_nano.a(lib_a-impure.o)
                              c:/st/stm32cubeide_1.4.0/stm32cubeide/plugins/com.st.stm32cube.ide.mcu.externaltools.gnu-tools-for-stm32.7-2018-q2-update.win32_1.4.0.202007081208/tools/bin/../lib/gcc/arm-none-eabi/7.3.1/../../../../arm-none-eabi/lib/thumb/v7-m\libc_nano.a(lib_a-exit.o) (_global_impure_ptr)
c:/st/stm32cubeide_1.4.0/stm32cubeide/plugins/com.st.stm32cube.ide.mcu.externaltools.gnu-tools-for-stm32.7-2018-q2-update.win32_1.4.0.202007081208/tools/bin/../lib/gcc/arm-none-eabi/7.3.1/../../../../arm-none-eabi/lib/thumb/v7-m\libc_nano.a(lib_a-init.o)
                              c:/st/stm32cubeide_1.4.0/stm32cubeide/plugins/com.st.stm32cube.ide.mcu.externaltools.gnu-tools-for-stm32.7-2018-q2-update.win32_1.4.0.202007081208/tools/bin/../lib/gcc/arm-none-eabi/7.3.1/../../../../arm-none-eabi/lib/thumb/v7-m/crt0.o (__libc_init_array)
c:/st/stm32cubeide_1.4.0/stm32cubeide/plugins/com.st.stm32cube.ide.mcu.externaltools.gnu-tools-for-stm32.7-2018-q2-update.win32_1.4.0.202007081208/tools/bin/../lib/gcc/arm-none-eabi/7.3.1/../../../../arm-none-eabi/lib/thumb/v7-m\libc_nano.a(lib_a-memcpy-stub.o)
                              Core/Src/SX1278.o (memcpy)
c:/st/stm32cubeide_1.4.0/stm32cubeide/plugins/com.st.stm32cube.ide.mcu.externaltools.gnu-tools-for-stm32.7-2018-q2-update.win32_1.4.0.202007081208/tools/bin/../lib/gcc/arm-none-eabi/7.3.1/../../../../arm-none-eabi/lib/thumb/v7-m\libc_nano.a(lib_a-memset.o)
                              c:/st/stm32cubeide_1.4.0/stm32cubeide/plugins/com.st.stm32cube.ide.mcu.externaltools.gnu-tools-for-stm32.7-2018-q2-update.win32_1.4.0.202007081208/tools/bin/../lib/gcc/arm-none-eabi/7.3.1/../../../../arm-none-eabi/lib/thumb/v7-m/crt0.o (memset)
c:/st/stm32cubeide_1.4.0/stm32cubeide/plugins/com.st.stm32cube.ide.mcu.externaltools.gnu-tools-for-stm32.7-2018-q2-update.win32_1.4.0.202007081208/tools/bin/../lib/gcc/arm-none-eabi/7.3.1/../../../../arm-none-eabi/lib/thumb/v7-m\libc_nano.a(lib_a-printf.o)
                              Core/Src/main.o (printf)
c:/st/stm32cubeide_1.4.0/stm32cubeide/plugins/com.st.stm32cube.ide.mcu.externaltools.gnu-tools-for-stm32.7-2018-q2-update.win32_1.4.0.202007081208/tools/bin/../lib/gcc/arm-none-eabi/7.3.1/../../../../arm-none-eabi/lib/thumb/v7-m\libc_nano.a(lib_a-puts.o)
                              Core/Src/main.o (puts)
c:/st/stm32cubeide_1.4.0/stm32cubeide/plugins/com.st.stm32cube.ide.mcu.externaltools.gnu-tools-for-stm32.7-2018-q2-update.win32_1.4.0.202007081208/tools/bin/../lib/gcc/arm-none-eabi/7.3.1/../../../../arm-none-eabi/lib/thumb/v7-m\libc_nano.a(lib_a-sprintf.o)
                              Core/Src/main.o (sprintf)
c:/st/stm32cubeide_1.4.0/stm32cubeide/plugins/com.st.stm32cube.ide.mcu.externaltools.gnu-tools-for-stm32.7-2018-q2-update.win32_1.4.0.202007081208/tools/bin/../lib/gcc/arm-none-eabi/7.3.1/../../../../arm-none-eabi/lib/thumb/v7-m\libc_nano.a(lib_a-wbuf.o)
                              c:/st/stm32cubeide_1.4.0/stm32cubeide/plugins/com.st.stm32cube.ide.mcu.externaltools.gnu-tools-for-stm32.7-2018-q2-update.win32_1.4.0.202007081208/tools/bin/../lib/gcc/arm-none-eabi/7.3.1/../../../../arm-none-eabi/lib/thumb/v7-m\libc_nano.a(lib_a-puts.o) (__swbuf_r)
c:/st/stm32cubeide_1.4.0/stm32cubeide/plugins/com.st.stm32cube.ide.mcu.externaltools.gnu-tools-for-stm32.7-2018-q2-update.win32_1.4.0.202007081208/tools/bin/../lib/gcc/arm-none-eabi/7.3.1/../../../../arm-none-eabi/lib/thumb/v7-m\libc_nano.a(lib_a-wsetup.o)
                              c:/st/stm32cubeide_1.4.0/stm32cubeide/plugins/com.st.stm32cube.ide.mcu.externaltools.gnu-tools-for-stm32.7-2018-q2-update.win32_1.4.0.202007081208/tools/bin/../lib/gcc/arm-none-eabi/7.3.1/../../../../arm-none-eabi/lib/thumb/v7-m\libc_nano.a(lib_a-puts.o) (__swsetup_r)
[...]
Memory Configuration

Name             Origin             Length             Attributes
RAM              0x0000000020000000 0x0000000000005000 xrw
FLASH            0x0000000008000000 0x0000000000010000 xr
*default*        0x0000000000000000 0xffffffffffffffff

Linker script and memory map

LOAD c:/st/stm32cubeide_1.4.0/stm32cubeide/plugins/com.st.stm32cube.ide.mcu.externaltools.gnu-tools-for-stm32.7-2018-q2-update.win32_1.4.0.202007081208/tools/bin/../lib/gcc/arm-none-eabi/7.3.1/thumb/v7-m/crti.o
LOAD c:/st/stm32cubeide_1.4.0/stm32cubeide/plugins/com.st.stm32cube.ide.mcu.externaltools.gnu-tools-for-stm32.7-2018-q2-update.win32_1.4.0.202007081208/tools/bin/../lib/gcc/arm-none-eabi/7.3.1/thumb/v7-m/crtbegin.o
LOAD c:/st/stm32cubeide_1.4.0/stm32cubeide/plugins/com.st.stm32cube.ide.mcu.externaltools.gnu-tools-for-stm32.7-2018-q2-update.win32_1.4.0.202007081208/tools/bin/../lib/gcc/arm-none-eabi/7.3.1/../../../../arm-none-eabi/lib/thumb/v7-m/crt0.o
LOAD Core/Src/SX1278.o
LOAD Core/Src/SX1278_hw.o
LOAD Core/Src/gpio.o
LOAD Core/Src/main.o
LOAD Core/Src/spi.o
LOAD Core/Src/stm32f1xx_hal_msp.o
LOAD Core/Src/stm32f1xx_it.o
LOAD Core/Src/syscalls.o
LOAD Core/Src/sysmem.o
LOAD Core/Src/system_stm32f1xx.o
LOAD Core/Startup/startup_stm32f103c8tx.o
LOAD Drivers/STM32F1xx_HAL_Driver/Src/stm32f1xx_hal.o
LOAD Drivers/STM32F1xx_HAL_Driver/Src/stm32f1xx_hal_cortex.o
LOAD Drivers/STM32F1xx_HAL_Driver/Src/stm32f1xx_hal_dma.o
LOAD Drivers/STM32F1xx_HAL_Driver/Src/stm32f1xx_hal_exti.o
LOAD Drivers/STM32F1xx_HAL_Driver/Src/stm32f1xx_hal_flash.o
LOAD Drivers/STM32F1xx_HAL_Driver/Src/stm32f1xx_hal_flash_ex.o
LOAD Drivers/STM32F1xx_HAL_Driver/Src/stm32f1xx_hal_gpio.o
LOAD Drivers/STM32F1xx_HAL_Driver/Src/stm32f1xx_hal_gpio_ex.o
LOAD Drivers/STM32F1xx_HAL_Driver/Src/stm32f1xx_hal_pwr.o
LOAD Drivers/STM32F1xx_HAL_Driver/Src/stm32f1xx_hal_rcc.o
LOAD Drivers/STM32F1xx_HAL_Driver/Src/stm32f1xx_hal_rcc_ex.o
LOAD Drivers/STM32F1xx_HAL_Driver/Src/stm32f1xx_hal_spi.o
LOAD Drivers/STM32F1xx_HAL_Driver/Src/stm32f1xx_hal_tim.o
LOAD Drivers/STM32F1xx_HAL_Driver/Src/stm32f1xx_hal_tim_ex.o
LOAD Drivers/STM32F1xx_HAL_Driver/Src/stm32f1xx_hal_uart.o
START GROUP
LOAD c:/st/stm32cubeide_1.4.0/stm32cubeide/plugins/com.st.stm32cube.ide.mcu.externaltools.gnu-tools-for-stm32.7-2018-q2-update.win32_1.4.0.202007081208/tools/bin/../lib/gcc/arm-none-eabi/7.3.1/../../../../arm-none-eabi/lib/thumb/v7-m\libc_nano.a
LOAD c:/st/stm32cubeide_1.4.0/stm32cubeide/plugins/com.st.stm32cube.ide.mcu.externaltools.gnu-tools-for-stm32.7-2018-q2-update.win32_1.4.0.202007081208/tools/bin/../lib/gcc/arm-none-eabi/7.3.1/../../../../arm-none-eabi/lib/thumb/v7-m\libm.a
END GROUP
START GROUP
LOAD c:/st/stm32cubeide_1.4.0/stm32cubeide/plugins/com.st.stm32cube.ide.mcu.externaltools.gnu-tools-for-stm32.7-2018-q2-update.win32_1.4.0.202007081208/tools/bin/../lib/gcc/arm-none-eabi/7.3.1/thumb/v7-m\libgcc.a
LOAD c:/st/stm32cubeide_1.4.0/stm32cubeide/plugins/com.st.stm32cube.ide.mcu.externaltools.gnu-tools-for-stm32.7-2018-q2-update.win32_1.4.0.202007081208/tools/bin/../lib/gcc/arm-none-eabi/7.3.1/../../../../arm-none-eabi/lib/thumb/v7-m\libc_nano.a
END GROUP
START GROUP
LOAD c:/st/stm32cubeide_1.4.0/stm32cubeide/plugins/com.st.stm32cube.ide.mcu.externaltools.gnu-tools-for-stm32.7-2018-q2-update.win32_1.4.0.202007081208/tools/bin/../lib/gcc/arm-none-eabi/7.3.1/thumb/v7-m\libgcc.a
LOAD c:/st/stm32cubeide_1.4.0/stm32cubeide/plugins/com.st.stm32cube.ide.mcu.externaltools.gnu-tools-for-stm32.7-2018-q2-update.win32_1.4.0.202007081208/tools/bin/../lib/gcc/arm-none-eabi/7.3.1/../../../../arm-none-eabi/lib/thumb/v7-m\libc_nano.a
LOAD c:/st/stm32cubeide_1.4.0/stm32cubeide/plugins/com.st.stm32cube.ide.mcu.externaltools.gnu-tools-for-stm32.7-2018-q2-update.win32_1.4.0.202007081208/tools/bin/../lib/gcc/arm-none-eabi/7.3.1/../../../../arm-none-eabi/lib/thumb/v7-m\libnosys.a
END GROUP
START GROUP
LOAD c:/st/stm32cubeide_1.4.0/stm32cubeide/plugins/com.st.stm32cube.ide.mcu.externaltools.gnu-tools-for-stm32.7-2018-q2-update.win32_1.4.0.202007081208/tools/bin/../lib/gcc/arm-none-eabi/7.3.1/thumb/v7-m\libgcc.a
LOAD c:/st/stm32cubeide_1.4.0/stm32cubeide/plugins/com.st.stm32cube.ide.mcu.externaltools.gnu-tools-for-stm32.7-2018-q2-update.win32_1.4.0.202007081208/tools/bin/../lib/gcc/arm-none-eabi/7.3.1/../../../../arm-none-eabi/lib/thumb/v7-m\libc_nano.a
LOAD c:/st/stm32cubeide_1.4.0/stm32cubeide/plugins/com.st.stm32cube.ide.mcu.externaltools.gnu-tools-for-stm32.7-2018-q2-update.win32_1.4.0.202007081208/tools/bin/../lib/gcc/arm-none-eabi/7.3.1/../../../../arm-none-eabi/lib/thumb/v7-m\libnosys.a
END GROUP
LOAD c:/st/stm32cubeide_1.4.0/stm32cubeide/plugins/com.st.stm32cube.ide.mcu.externaltools.gnu-tools-for-stm32.7-2018-q2-update.win32_1.4.0.202007081208/tools/bin/../lib/gcc/arm-none-eabi/7.3.1/thumb/v7-m/crtend.o
LOAD c:/st/stm32cubeide_1.4.0/stm32cubeide/plugins/com.st.stm32cube.ide.mcu.externaltools.gnu-tools-for-stm32.7-2018-q2-update.win32_1.4.0.202007081208/tools/bin/../lib/gcc/arm-none-eabi/7.3.1/thumb/v7-m/crtn.o
                0x0000000020005000                _estack = (ORIGIN (RAM) + LENGTH (RAM))
                0x0000000000000200                _Min_Heap_Size = 0x200
                0x0000000000000400                _Min_Stack_Size = 0x400

.isr_vector     0x0000000008000000      0x10c
                0x0000000008000000                . = ALIGN (0x4)
 *(.isr_vector)
 .isr_vector    0x0000000008000000      0x10c Core/Startup/startup_stm32f103c8tx.o
                0x0000000008000000                g_pfnVectors
                0x000000000800010c                . = ALIGN (0x4)

.text           0x0000000008000110     0x412c
                0x0000000008000110                . = ALIGN (0x4)
 *(.text)
 .text          0x0000000008000110       0x40 c:/st/stm32cubeide_1.4.0/stm32cubeide/plugins/com.st.stm32cube.ide.mcu.externaltools.gnu-tools-for-stm32.7-2018-q2-update.win32_1.4.0.202007081208/tools/bin/../lib/gcc/arm-none-eabi/7.3.1/thumb/v7-m/crtbegin.o
 .text          0x0000000008000150       0x30 c:/st/stm32cubeide_1.4.0/stm32cubeide/plugins/com.st.stm32cube.ide.mcu.externaltools.gnu-tools-for-stm32.7-2018-q2-update.win32_1.4.0.202007081208/tools/bin/../lib/gcc/arm-none-eabi/7.3.1/thumb/v7-m\libgcc.a(_aeabi_uldivmod.o)
                0x0000000008000150                __aeabi_uldivmod
 .text          0x0000000008000180      0x2d0 c:/st/stm32cubeide_1.4.0/stm32cubeide/plugins/com.st.stm32cube.ide.mcu.externaltools.gnu-tools-for-stm32.7-2018-q2-update.win32_1.4.0.202007081208/tools/bin/../lib/gcc/arm-none-eabi/7.3.1/thumb/v7-m\libgcc.a(_udivmoddi4.o)
                0x0000000008000180                __udivmoddi4
 .text          0x0000000008000450        0x4 c:/st/stm32cubeide_1.4.0/stm32cubeide/plugins/com.st.stm32cube.ide.mcu.externaltools.gnu-tools-for-stm32.7-2018-q2-update.win32_1.4.0.202007081208/tools/bin/../lib/gcc/arm-none-eabi/7.3.1/thumb/v7-m\libgcc.a(_dvmd_tls.o)
                0x0000000008000450                __aeabi_idiv0
                0x0000000008000450                __aeabi_ldiv0
 *(.text*)
 .text.SX1278_SPIRead
                0x0000000008000454       0x3e Core/Src/SX1278.o
                0x0000000008000454                SX1278_SPIRead
 .text.SX1278_SPIWrite
                0x0000000008000492       0x52 Core/Src/SX1278.o
                0x0000000008000492                SX1278_SPIWrite
 .text.SX1278_SPIBurstRead
                0x00000000080004e4       0x72 Core/Src/SX1278.o
                0x00000000080004e4                SX1278_SPIBurstRead
 .text.SX1278_SPIBurstWrite
                0x0000000008000556       0x76 Core/Src/SX1278.o
                0x0000000008000556                SX1278_SPIBurstWrite
 .text.SX1278_config
                0x00000000080005cc      0x20c Core/Src/SX1278.o
                0x00000000080005cc                SX1278_config
 .text.SX1278_standby
                0x00000000080007d8       0x20 Core/Src/SX1278.o
                0x00000000080007d8                SX1278_standby
 .text.SX1278_sleep
                0x00000000080007f8       0x20 Core/Src/SX1278.o
                0x00000000080007f8                SX1278_sleep
 .text.SX1278_entryLoRa
                0x0000000008000818       0x1a Core/Src/SX1278.o
                0x0000000008000818                SX1278_entryLoRa
 .text.SX1278_clearLoRaIrq
                0x0000000008000832       0x1a Core/Src/SX1278.o
                0x0000000008000832                SX1278_clearLoRaIrq
 .text.SX1278_LoRaEntryRx
                0x000000000800084c       0xca Core/Src/SX1278.o
                0x000000000800084c                SX1278_LoRaEntryRx
 .text.SX1278_LoRaRxPacket
                0x0000000008000916       0x88 Core/Src/SX1278.o
                0x0000000008000916                SX1278_LoRaRxPacket
 .text.SX1278_LoRaEntryTx
                0x000000000800099e       0xb0 Core/Src/SX1278.o
                0x000000000800099e                SX1278_LoRaEntryTx
 .text.SX1278_LoRaTxPacket
                0x0000000008000a4e       0x7e Core/Src/SX1278.o
                0x0000000008000a4e                SX1278_LoRaTxPacket
 .text.SX1278_init
                0x0000000008000acc       0x5e Core/Src/SX1278.o
                0x0000000008000acc                SX1278_init
 .text.SX1278_read
                0x0000000008000b2a       0x4c Core/Src/SX1278.o
                0x0000000008000b2a                SX1278_read
 .text.SX1278_hw_init
                0x0000000008000b76       0x2a Core/Src/SX1278_hw.o
                0x0000000008000b76                SX1278_hw_init
 .text.SX1278_hw_SetNSS
                0x0000000008000ba0       0x2e Core/Src/SX1278_hw.o
                0x0000000008000ba0                SX1278_hw_SetNSS
 .text.SX1278_hw_Reset
                0x0000000008000bce       0x48 Core/Src/SX1278_hw.o
                0x0000000008000bce                SX1278_hw_Reset
 .text.SX1278_hw_SPICommand
                0x0000000008000c16       0x3e Core/Src/SX1278_hw.o
                0x0000000008000c16                SX1278_hw_SPICommand
 .text.SX1278_hw_SPIReadByte
                0x0000000008000c54       0x4c Core/Src/SX1278_hw.o
                0x0000000008000c54                SX1278_hw_SPIReadByte
 .text.SX1278_hw_DelayMs
                0x0000000008000ca0       0x16 Core/Src/SX1278_hw.o
                0x0000000008000ca0                SX1278_hw_DelayMs
 .text.SX1278_hw_GetDIO0
                0x0000000008000cb6       0x2e Core/Src/SX1278_hw.o
                0x0000000008000cb6                SX1278_hw_GetDIO0
 .text.ITM_SendChar
                0x0000000008000ce4       0x4c Core/Src/main.o
 .text._write   0x0000000008000d30       0x4c Core/Src/main.o
                0x0000000008000d30                _write
 *fill*         0x0000000008000d7c        0x4 
 .text.main     0x0000000008000d80      0x2f0 Core/Src/main.o
                0x0000000008000d80                main
 .text.SystemClock_Config
                0x0000000008001070       0x76 Core/Src/main.o
                0x0000000008001070                SystemClock_Config
 *fill*         0x00000000080010e6        0x2 
 .text.MX_SPI2_Init
                0x00000000080010e8       0x6c Core/Src/main.o
 .text.MX_USART2_UART_Init
                0x0000000008001154       0x54 Core/Src/main.o
 .text.MX_GPIO_Init
                0x00000000080011a8       0xe4 Core/Src/main.o
 .text.Error_Handler
                0x000000000800128c        0x6 Core/Src/main.o
                0x000000000800128c                Error_Handler
 *fill*         0x0000000008001292        0x2 
 .text.HAL_MspInit
                0x0000000008001294       0x64 Core/Src/stm32f1xx_hal_msp.o
                0x0000000008001294                HAL_MspInit
 .text.HAL_SPI_MspInit
                0x00000000080012f8       0x98 Core/Src/stm32f1xx_hal_msp.o
                0x00000000080012f8                HAL_SPI_MspInit
 .text.HAL_UART_MspInit
                0x0000000008001390       0x94 Core/Src/stm32f1xx_hal_msp.o
                0x0000000008001390                HAL_UART_MspInit
 .text.NMI_Handler
                0x0000000008001424        0xc Core/Src/stm32f1xx_it.o
                0x0000000008001424                NMI_Handler
 .text.HardFault_Handler
                0x0000000008001430        0x6 Core/Src/stm32f1xx_it.o
                0x0000000008001430                HardFault_Handler
 .text.MemManage_Handler
                0x0000000008001436        0x6 Core/Src/stm32f1xx_it.o
                0x0000000008001436                MemManage_Handler
 .text.BusFault_Handler
                0x000000000800143c        0x6 Core/Src/stm32f1xx_it.o
                0x000000000800143c                BusFault_Handler
 .text.UsageFault_Handler
                0x0000000008001442        0x6 Core/Src/stm32f1xx_it.o
                0x0000000008001442                UsageFault_Handler
 .text.SVC_Handler
                0x0000000008001448        0xc Core/Src/stm32f1xx_it.o
                0x0000000008001448                SVC_Handler
 .text.DebugMon_Handler
                0x0000000008001454        0xc Core/Src/stm32f1xx_it.o
                0x0000000008001454                DebugMon_Handler
 .text.PendSV_Handler
                0x0000000008001460        0xc Core/Src/stm32f1xx_it.o
                0x0000000008001460                PendSV_Handler
 .text.SysTick_Handler
                0x000000000800146c        0xc Core/Src/stm32f1xx_it.o
                0x000000000800146c                SysTick_Handler
 .text._read    0x0000000008001478       0x3a Core/Src/syscalls.o
                0x0000000008001478                _read
 .text._close   0x00000000080014b2       0x16 Core/Src/syscalls.o
                0x00000000080014b2                _close
 .text._fstat   0x00000000080014c8       0x1e Core/Src/syscalls.o
                0x00000000080014c8                _fstat
 .text._isatty  0x00000000080014e6       0x14 Core/Src/syscalls.o
                0x00000000080014e6                _isatty
 .text._lseek   0x00000000080014fa       0x18 Core/Src/syscalls.o
                0x00000000080014fa                _lseek
 *fill*         0x0000000008001512        0x2 
 .text._sbrk    0x0000000008001514       0x6c Core/Src/sysmem.o
                0x0000000008001514                _sbrk
 .text.SystemInit
                0x0000000008001580        0xc Core/Src/system_stm32f1xx.o
                0x0000000008001580                SystemInit
 .text.Reset_Handler
                0x000000000800158c       0x48 Core/Startup/startup_stm32f103c8tx.o
                0x000000000800158c                Reset_Handler
 .text.Default_Handler
                0x00000000080015d4        0x2 Core/Startup/startup_stm32f103c8tx.o
                0x00000000080015d4                RTC_Alarm_IRQHandler
                0x00000000080015d4                EXTI2_IRQHandler
                0x00000000080015d4                TIM1_CC_IRQHandler
                0x00000000080015d4                PVD_IRQHandler
                0x00000000080015d4                EXTI3_IRQHandler
                0x00000000080015d4                EXTI0_IRQHandler
                0x00000000080015d4                I2C2_EV_IRQHandler
                0x00000000080015d4                ADC1_2_IRQHandler
                0x00000000080015d4                SPI1_IRQHandler
                0x00000000080015d4                TAMPER_IRQHandler
                0x00000000080015d4                DMA1_Channel4_IRQHandler
                0x00000000080015d4                USART3_IRQHandler
                0x00000000080015d4                RTC_IRQHandler
                0x00000000080015d4                DMA1_Channel7_IRQHandler
                0x00000000080015d4                CAN1_RX1_IRQHandler
                0x00000000080015d4                TIM4_IRQHandler
                0x00000000080015d4                I2C1_EV_IRQHandler
                0x00000000080015d4                DMA1_Channel6_IRQHandler
                0x00000000080015d4                TIM3_IRQHandler
                0x00000000080015d4                RCC_IRQHandler
                0x00000000080015d4                TIM1_TRG_COM_IRQHandler
                0x00000000080015d4                DMA1_Channel1_IRQHandler
                0x00000000080015d4                Default_Handler
                0x00000000080015d4                EXTI15_10_IRQHandler
                0x00000000080015d4                EXTI9_5_IRQHandler
                0x00000000080015d4                SPI2_IRQHandler
                0x00000000080015d4                DMA1_Channel5_IRQHandler
                0x00000000080015d4                EXTI4_IRQHandler
                0x00000000080015d4                USB_LP_CAN1_RX0_IRQHandler
                0x00000000080015d4                USB_HP_CAN1_TX_IRQHandler
                0x00000000080015d4                DMA1_Channel3_IRQHandler
                0x00000000080015d4                TIM1_UP_IRQHandler
                0x00000000080015d4                WWDG_IRQHandler
                0x00000000080015d4                TIM2_IRQHandler
                0x00000000080015d4                TIM1_BRK_IRQHandler
                0x00000000080015d4                EXTI1_IRQHandler
                0x00000000080015d4                USART2_IRQHandler
                0x00000000080015d4                I2C2_ER_IRQHandler
                0x00000000080015d4                DMA1_Channel2_IRQHandler
                0x00000000080015d4                CAN1_SCE_IRQHandler
                0x00000000080015d4                FLASH_IRQHandler
                0x00000000080015d4                USART1_IRQHandler
                0x00000000080015d4                I2C1_ER_IRQHandler
                0x00000000080015d4                USBWakeUp_IRQHandler
 *fill*         0x00000000080015d6        0x2 
 .text.HAL_Init
                0x00000000080015d8       0x2c Drivers/STM32F1xx_HAL_Driver/Src/stm32f1xx_hal.o
                0x00000000080015d8                HAL_Init
 .text.HAL_InitTick
                0x0000000008001604       0x60 Drivers/STM32F1xx_HAL_Driver/Src/stm32f1xx_hal.o
                0x0000000008001604                HAL_InitTick
 .text.HAL_IncTick
                0x0000000008001664       0x24 Drivers/STM32F1xx_HAL_Driver/Src/stm32f1xx_hal.o
                0x0000000008001664                HAL_IncTick
 .text.HAL_GetTick
                0x0000000008001688       0x14 Drivers/STM32F1xx_HAL_Driver/Src/stm32f1xx_hal.o
                0x0000000008001688                HAL_GetTick
 .text.HAL_Delay
                0x000000000800169c       0x44 Drivers/STM32F1xx_HAL_Driver/Src/stm32f1xx_hal.o
                0x000000000800169c                HAL_Delay
 .text.__NVIC_SetPriorityGrouping
                0x00000000080016e0       0x48 Drivers/STM32F1xx_HAL_Driver/Src/stm32f1xx_hal_cortex.o
 .text.__NVIC_GetPriorityGrouping
                0x0000000008001728       0x1c Drivers/STM32F1xx_HAL_Driver/Src/stm32f1xx_hal_cortex.o
 .text.__NVIC_SetPriority
                0x0000000008001744       0x54 Drivers/STM32F1xx_HAL_Driver/Src/stm32f1xx_hal_cortex.o
 .text.NVIC_EncodePriority
                0x0000000008001798       0x64 Drivers/STM32F1xx_HAL_Driver/Src/stm32f1xx_hal_cortex.o
 .text.SysTick_Config
                0x00000000080017fc       0x44 Drivers/STM32F1xx_HAL_Driver/Src/stm32f1xx_hal_cortex.o
 .text.HAL_NVIC_SetPriorityGrouping
                0x0000000008001840       0x16 Drivers/STM32F1xx_HAL_Driver/Src/stm32f1xx_hal_cortex.o
                0x0000000008001840                HAL_NVIC_SetPriorityGrouping
 .text.HAL_NVIC_SetPriority
                0x0000000008001856       0x38 Drivers/STM32F1xx_HAL_Driver/Src/stm32f1xx_hal_cortex.o
                0x0000000008001856                HAL_NVIC_SetPriority
 .text.HAL_SYSTICK_Config
                0x000000000800188e       0x18 Drivers/STM32F1xx_HAL_Driver/Src/stm32f1xx_hal_cortex.o
                0x000000000800188e                HAL_SYSTICK_Config
 *fill*         0x00000000080018a6        0x2 
 .text.HAL_GPIO_Init
                0x00000000080018a8      0x2b4 Drivers/STM32F1xx_HAL_Driver/Src/stm32f1xx_hal_gpio.o
                0x00000000080018a8                HAL_GPIO_Init
 .text.HAL_GPIO_ReadPin
                0x0000000008001b5c       0x2e Drivers/STM32F1xx_HAL_Driver/Src/stm32f1xx_hal_gpio.o
                0x0000000008001b5c                HAL_GPIO_ReadPin
 .text.HAL_GPIO_WritePin
                0x0000000008001b8a       0x30 Drivers/STM32F1xx_HAL_Driver/Src/stm32f1xx_hal_gpio.o
                0x0000000008001b8a                HAL_GPIO_WritePin
 *fill*         0x0000000008001bba        0x2 
 .text.HAL_RCC_OscConfig
                0x0000000008001bbc      0x500 Drivers/STM32F1xx_HAL_Driver/Src/stm32f1xx_hal_rcc.o
                0x0000000008001bbc                HAL_RCC_OscConfig
 .text.HAL_RCC_ClockConfig
                0x00000000080020bc      0x1d4 Drivers/STM32F1xx_HAL_Driver/Src/stm32f1xx_hal_rcc.o
                0x00000000080020bc                HAL_RCC_ClockConfig
 .text.HAL_RCC_GetSysClockFreq
                0x0000000008002290       0xc4 Drivers/STM32F1xx_HAL_Driver/Src/stm32f1xx_hal_rcc.o
                0x0000000008002290                HAL_RCC_GetSysClockFreq
 .text.HAL_RCC_GetHCLKFreq
                0x0000000008002354       0x14 Drivers/STM32F1xx_HAL_Driver/Src/stm32f1xx_hal_rcc.o
                0x0000000008002354                HAL_RCC_GetHCLKFreq
 .text.HAL_RCC_GetPCLK1Freq
                0x0000000008002368       0x28 Drivers/STM32F1xx_HAL_Driver/Src/stm32f1xx_hal_rcc.o
                0x0000000008002368                HAL_RCC_GetPCLK1Freq
 .text.HAL_RCC_GetPCLK2Freq
                0x0000000008002390       0x28 Drivers/STM32F1xx_HAL_Driver/Src/stm32f1xx_hal_rcc.o
                0x0000000008002390                HAL_RCC_GetPCLK2Freq
 .text.RCC_Delay
                0x00000000080023b8       0x3c Drivers/STM32F1xx_HAL_Driver/Src/stm32f1xx_hal_rcc.o
 .text.HAL_SPI_Init
                0x00000000080023f4      0x108 Drivers/STM32F1xx_HAL_Driver/Src/stm32f1xx_hal_spi.o
                0x00000000080023f4                HAL_SPI_Init
 .text.HAL_SPI_Transmit
                0x00000000080024fc      0x278 Drivers/STM32F1xx_HAL_Driver/Src/stm32f1xx_hal_spi.o
                0x00000000080024fc                HAL_SPI_Transmit
 .text.HAL_SPI_TransmitReceive
                0x0000000008002774      0x344 Drivers/STM32F1xx_HAL_Driver/Src/stm32f1xx_hal_spi.o
                0x0000000008002774                HAL_SPI_TransmitReceive
 .text.HAL_SPI_GetState
                0x0000000008002ab8       0x1a Drivers/STM32F1xx_HAL_Driver/Src/stm32f1xx_hal_spi.o
                0x0000000008002ab8                HAL_SPI_GetState
 *fill*         0x0000000008002ad2        0x2 
 .text.SPI_WaitFlagStateUntilTimeout
                0x0000000008002ad4      0x110 Drivers/STM32F1xx_HAL_Driver/Src/stm32f1xx_hal_spi.o
 .text.SPI_EndRxTxTransaction
                0x0000000008002be4       0x3c Drivers/STM32F1xx_HAL_Driver/Src/stm32f1xx_hal_spi.o
 .text.HAL_UART_Init
                0x0000000008002c20       0x9a Drivers/STM32F1xx_HAL_Driver/Src/stm32f1xx_hal_uart.o
                0x0000000008002c20                HAL_UART_Init
 .text.HAL_UART_Transmit
                0x0000000008002cba      0x124 Drivers/STM32F1xx_HAL_Driver/Src/stm32f1xx_hal_uart.o
                0x0000000008002cba                HAL_UART_Transmit
 .text.UART_WaitOnFlagUntilTimeout
                0x0000000008002dde       0x94 Drivers/STM32F1xx_HAL_Driver/Src/stm32f1xx_hal_uart.o
 *fill*         0x0000000008002e72        0x2 
 .text.UART_SetConfig
                0x0000000008002e74      0x11c Drivers/STM32F1xx_HAL_Driver/Src/stm32f1xx_hal_uart.o
 .text.__errno  0x0000000008002f90        0xc c:/st/stm32cubeide_1.4.0/stm32cubeide/plugins/com.st.stm32cube.ide.mcu.externaltools.gnu-tools-for-stm32.7-2018-q2-update.win32_1.4.0.202007081208/tools/bin/../lib/gcc/arm-none-eabi/7.3.1/../../../../arm-none-eabi/lib/thumb/v7-m\libc_nano.a(lib_a-errno.o)
                0x0000000008002f90                __errno
 .text.__libc_init_array
                0x0000000008002f9c       0x48 c:/st/stm32cubeide_1.4.0/stm32cubeide/plugins/com.st.stm32cube.ide.mcu.externaltools.gnu-tools-for-stm32.7-2018-q2-update.win32_1.4.0.202007081208/tools/bin/../lib/gcc/arm-none-eabi/7.3.1/../../../../arm-none-eabi/lib/thumb/v7-m\libc_nano.a(lib_a-init.o)
                0x0000000008002f9c                __libc_init_array
 .text.memcpy   0x0000000008002fe4       0x16 c:/st/stm32cubeide_1.4.0/stm32cubeide/plugins/com.st.stm32cube.ide.mcu.externaltools.gnu-tools-for-stm32.7-2018-q2-update.win32_1.4.0.202007081208/tools/bin/../lib/gcc/arm-none-eabi/7.3.1/../../../../arm-none-eabi/lib/thumb/v7-m\libc_nano.a(lib_a-memcpy-stub.o)
                0x0000000008002fe4                memcpy
 .text.memset   0x0000000008002ffa       0x10 c:/st/stm32cubeide_1.4.0/stm32cubeide/plugins/com.st.stm32cube.ide.mcu.externaltools.gnu-tools-for-stm32.7-2018-q2-update.win32_1.4.0.202007081208/tools/bin/../lib/gcc/arm-none-eabi/7.3.1/../../../../arm-none-eabi/lib/thumb/v7-m\libc_nano.a(lib_a-memset.o)
                0x0000000008002ffa                memset
 *fill*         0x000000000800300a        0x2 
 .text.printf   0x000000000800300c       0x30 c:/st/stm32cubeide_1.4.0/stm32cubeide/plugins/com.st.stm32cube.ide.mcu.externaltools.gnu-tools-for-stm32.7-2018-q2-update.win32_1.4.0.202007081208/tools/bin/../lib/gcc/arm-none-eabi/7.3.1/../../../../arm-none-eabi/lib/thumb/v7-m\libc_nano.a(lib_a-printf.o)
                0x000000000800300c                iprintf
                0x000000000800300c                printf
 .text._puts_r  0x000000000800303c       0xb8 c:/st/stm32cubeide_1.4.0/stm32cubeide/plugins/com.st.stm32cube.ide.mcu.externaltools.gnu-tools-for-stm32.7-2018-q2-update.win32_1.4.0.202007081208/tools/bin/../lib/gcc/arm-none-eabi/7.3.1/../../../../arm-none-eabi/lib/thumb/v7-m\libc_nano.a(lib_a-puts.o)
                0x000000000800303c                _puts_r
 .text.puts     0x00000000080030f4       0x10 c:/st/stm32cubeide_1.4.0/stm32cubeide/plugins/com.st.stm32cube.ide.mcu.externaltools.gnu-tools-for-stm32.7-2018-q2-update.win32_1.4.0.202007081208/tools/bin/../lib/gcc/arm-none-eabi/7.3.1/../../../../arm-none-eabi/lib/thumb/v7-m\libc_nano.a(lib_a-puts.o)
                0x00000000080030f4                puts
 .text.sprintf  0x0000000008003104       0x40 c:/st/stm32cubeide_1.4.0/stm32cubeide/plugins/com.st.stm32cube.ide.mcu.externaltools.gnu-tools-for-stm32.7-2018-q2-update.win32_1.4.0.202007081208/tools/bin/../lib/gcc/arm-none-eabi/7.3.1/../../../../arm-none-eabi/lib/thumb/v7-m\libc_nano.a(lib_a-sprintf.o)
                0x0000000008003104                siprintf
                0x0000000008003104                sprintf
 .text.__swbuf_r
                0x0000000008003144       0xa4 c:/st/stm32cubeide_1.4.0/stm32cubeide/plugins/com.st.stm32cube.ide.mcu.externaltools.gnu-tools-for-stm32.7-2018-q2-update.win32_1.4.0.202007081208/tools/bin/../lib/gcc/arm-none-eabi/7.3.1/../../../../arm-none-eabi/lib/thumb/v7-m\libc_nano.a(lib_a-wbuf.o)
                0x0000000008003144                __swbuf_r
 .text.__swsetup_r
                0x00000000080031e8       0xdc c:/st/stm32cubeide_1.4.0/stm32cubeide/plugins/com.st.stm32cube.ide.mcu.externaltools.gnu-tools-for-stm32.7-2018-q2-update.win32_1.4.0.202007081208/tools/bin/../lib/gcc/arm-none-eabi/7.3.1/../../../../arm-none-eabi/lib/thumb/v7-m\libc_nano.a(lib_a-wsetup.o)
                0x00000000080031e8                __swsetup_r
 .text.__sflush_r
                0x00000000080032c4      0x10c c:/st/stm32cubeide_1.4.0/stm32cubeide/plugins/com.st.stm32cube.ide.mcu.externaltools.gnu-tools-for-stm32.7-2018-q2-update.win32_1.4.0.202007081208/tools/bin/../lib/gcc/arm-none-eabi/7.3.1/../../../../arm-none-eabi/lib/thumb/v7-m\libc_nano.a(lib_a-fflush.o)
                0x00000000080032c4                __sflush_r
 .text._fflush_r
                0x00000000080033d0       0x54 c:/st/stm32cubeide_1.4.0/stm32cubeide/plugins/com.st.stm32cube.ide.mcu.externaltools.gnu-tools-for-stm32.7-2018-q2-update.win32_1.4.0.202007081208/tools/bin/../lib/gcc/arm-none-eabi/7.3.1/../../../../arm-none-eabi/lib/thumb/v7-m\libc_nano.a(lib_a-fflush.o)
                0x00000000080033d0                _fflush_r
 .text.std      0x0000000008003424       0x48 c:/st/stm32cubeide_1.4.0/stm32cubeide/plugins/com.st.stm32cube.ide.mcu.externaltools.gnu-tools-for-stm32.7-2018-q2-update.win32_1.4.0.202007081208/tools/bin/../lib/gcc/arm-none-eabi/7.3.1/../../../../arm-none-eabi/lib/thumb/v7-m\libc_nano.a(lib_a-findfp.o)
 .text._cleanup_r
                0x000000000800346c        0xc c:/st/stm32cubeide_1.4.0/stm32cubeide/plugins/com.st.stm32cube.ide.mcu.externaltools.gnu-tools-for-stm32.7-2018-q2-update.win32_1.4.0.202007081208/tools/bin/../lib/gcc/arm-none-eabi/7.3.1/../../../../arm-none-eabi/lib/thumb/v7-m\libc_nano.a(lib_a-findfp.o)
                0x000000000800346c                _cleanup_r
 .text.__sfmoreglue
                0x0000000008003478       0x2c c:/st/stm32cubeide_1.4.0/stm32cubeide/plugins/com.st.stm32cube.ide.mcu.externaltools.gnu-tools-for-stm32.7-2018-q2-update.win32_1.4.0.202007081208/tools/bin/../lib/gcc/arm-none-eabi/7.3.1/../../../../arm-none-eabi/lib/thumb/v7-m\libc_nano.a(lib_a-findfp.o)
                0x0000000008003478                __sfmoreglue
 .text.__sinit  0x00000000080034a4       0x60 c:/st/stm32cubeide_1.4.0/stm32cubeide/plugins/com.st.stm32cube.ide.mcu.externaltools.gnu-tools-for-stm32.7-2018-q2-update.win32_1.4.0.202007081208/tools/bin/../lib/gcc/arm-none-eabi/7.3.1/../../../../arm-none-eabi/lib/thumb/v7-m\libc_nano.a(lib_a-findfp.o)
                0x00000000080034a4                __sinit
 .text.__sfp    0x0000000008003504       0x78 c:/st/stm32cubeide_1.4.0/stm32cubeide/plugins/com.st.stm32cube.ide.mcu.externaltools.gnu-tools-for-stm32.7-2018-q2-update.win32_1.4.0.202007081208/tools/bin/../lib/gcc/arm-none-eabi/7.3.1/../../../../arm-none-eabi/lib/thumb/v7-m\libc_nano.a(lib_a-findfp.o)
                0x0000000008003504                __sfp
 .text._fwalk_reent
                0x000000000800357c       0x3c c:/st/stm32cubeide_1.4.0/stm32cubeide/plugins/com.st.stm32cube.ide.mcu.externaltools.gnu-tools-for-stm32.7-2018-q2-update.win32_1.4.0.202007081208/tools/bin/../lib/gcc/arm-none-eabi/7.3.1/../../../../arm-none-eabi/lib/thumb/v7-m\libc_nano.a(lib_a-fwalk.o)
                0x000000000800357c                _fwalk_reent
 .text.__swhatbuf_r
                0x00000000080035b8       0x48 c:/st/stm32cubeide_1.4.0/stm32cubeide/plugins/com.st.stm32cube.ide.mcu.externaltools.gnu-tools-for-stm32.7-2018-q2-update.win32_1.4.0.202007081208/tools/bin/../lib/gcc/arm-none-eabi/7.3.1/../../../../arm-none-eabi/lib/thumb/v7-m\libc_nano.a(lib_a-makebuf.o)
                0x00000000080035b8                __swhatbuf_r
 .text.__smakebuf_r
                0x0000000008003600       0x80 c:/st/stm32cubeide_1.4.0/stm32cubeide/plugins/com.st.stm32cube.ide.mcu.externaltools.gnu-tools-for-stm32.7-2018-q2-update.win32_1.4.0.202007081208/tools/bin/../lib/gcc/arm-none-eabi/7.3.1/../../../../arm-none-eabi/lib/thumb/v7-m\libc_nano.a(lib_a-makebuf.o)
                0x0000000008003600                __smakebuf_r
 .text._free_r  0x0000000008003680       0x98 c:/st/stm32cubeide_1.4.0/stm32cubeide/plugins/com.st.stm32cube.ide.mcu.externaltools.gnu-tools-for-stm32.7-2018-q2-update.win32_1.4.0.202007081208/tools/bin/../lib/gcc/arm-none-eabi/7.3.1/../../../../arm-none-eabi/lib/thumb/v7-m\libc_nano.a(lib_a-nano-freer.o)
                0x0000000008003680                _free_r
 .text._malloc_r
                0x0000000008003718       0xb4 c:/st/stm32cubeide_1.4.0/stm32cubeide/plugins/com.st.stm32cube.ide.mcu.externaltools.gnu-tools-for-stm32.7-2018-q2-update.win32_1.4.0.202007081208/tools/bin/../lib/gcc/arm-none-eabi/7.3.1/../../../../arm-none-eabi/lib/thumb/v7-m\libc_nano.a(lib_a-nano-mallocr.o)
                0x0000000008003718                _malloc_r
 .text.__ssputs_r
                0x00000000080037cc       0xb4 c:/st/stm32cubeide_1.4.0/stm32cubeide/plugins/com.st.stm32cube.ide.mcu.externaltools.gnu-tools-for-stm32.7-2018-q2-update.win32_1.4.0.202007081208/tools/bin/../lib/gcc/arm-none-eabi/7.3.1/../../../../arm-none-eabi/lib/thumb/v7-m\libc_nano.a(lib_a-nano-svfprintf.o)
                0x00000000080037cc                __ssputs_r
 .text._svfprintf_r
                0x0000000008003880      0x1f0 c:/st/stm32cubeide_1.4.0/stm32cubeide/plugins/com.st.stm32cube.ide.mcu.externaltools.gnu-tools-for-stm32.7-2018-q2-update.win32_1.4.0.202007081208/tools/bin/../lib/gcc/arm-none-eabi/7.3.1/../../../../arm-none-eabi/lib/thumb/v7-m\libc_nano.a(lib_a-nano-svfprintf.o)
                0x0000000008003880                _svfiprintf_r
                0x0000000008003880                _svfprintf_r
 .text.__sfputc_r
                0x0000000008003a70       0x2a c:/st/stm32cubeide_1.4.0/stm32cubeide/plugins/com.st.stm32cube.ide.mcu.externaltools.gnu-tools-for-stm32.7-2018-q2-update.win32_1.4.0.202007081208/tools/bin/../lib/gcc/arm-none-eabi/7.3.1/../../../../arm-none-eabi/lib/thumb/v7-m\libc_nano.a(lib_a-nano-vfprintf.o)
 .text.__sfputs_r
                0x0000000008003a9a       0x24 c:/st/stm32cubeide_1.4.0/stm32cubeide/plugins/com.st.stm32cube.ide.mcu.externaltools.gnu-tools-for-stm32.7-2018-q2-update.win32_1.4.0.202007081208/tools/bin/../lib/gcc/arm-none-eabi/7.3.1/../../../../arm-none-eabi/lib/thumb/v7-m\libc_nano.a(lib_a-nano-vfprintf.o)
                0x0000000008003a9a                __sfputs_r
 *fill*         0x0000000008003abe        0x2 
 .text._vfprintf_r
                0x0000000008003ac0      0x22c c:/st/stm32cubeide_1.4.0/stm32cubeide/plugins/com.st.stm32cube.ide.mcu.externaltools.gnu-tools-for-stm32.7-2018-q2-update.win32_1.4.0.202007081208/tools/bin/../lib/gcc/arm-none-eabi/7.3.1/../../../../arm-none-eabi/lib/thumb/v7-m\libc_nano.a(lib_a-nano-vfprintf.o)
                0x0000000008003ac0                _vfprintf_r
                0x0000000008003ac0                _vfiprintf_r
 .text._printf_common
                0x0000000008003cec       0xec c:/st/stm32cubeide_1.4.0/stm32cubeide/plugins/com.st.stm32cube.ide.mcu.externaltools.gnu-tools-for-stm32.7-2018-q2-update.win32_1.4.0.202007081208/tools/bin/../lib/gcc/arm-none-eabi/7.3.1/../../../../arm-none-eabi/lib/thumb/v7-m\libc_nano.a(lib_a-nano-vfprintf_i.o)
                0x0000000008003cec                _printf_common
 .text._printf_i
                0x0000000008003dd8      0x224 c:/st/stm32cubeide_1.4.0/stm32cubeide/plugins/com.st.stm32cube.ide.mcu.externaltools.gnu-tools-for-stm32.7-2018-q2-update.win32_1.4.0.202007081208/tools/bin/../lib/gcc/arm-none-eabi/7.3.1/../../../../arm-none-eabi/lib/thumb/v7-m\libc_nano.a(lib_a-nano-vfprintf_i.o)
                0x0000000008003dd8                _printf_i
 .text._sbrk_r  0x0000000008003ffc       0x20 c:/st/stm32cubeide_1.4.0/stm32cubeide/plugins/com.st.stm32cube.ide.mcu.externaltools.gnu-tools-for-stm32.7-2018-q2-update.win32_1.4.0.202007081208/tools/bin/../lib/gcc/arm-none-eabi/7.3.1/../../../../arm-none-eabi/lib/thumb/v7-m\libc_nano.a(lib_a-sbrkr.o)
                0x0000000008003ffc                _sbrk_r
 .text.__sread  0x000000000800401c       0x22 c:/st/stm32cubeide_1.4.0/stm32cubeide/plugins/com.st.stm32cube.ide.mcu.externaltools.gnu-tools-for-stm32.7-2018-q2-update.win32_1.4.0.202007081208/tools/bin/../lib/gcc/arm-none-eabi/7.3.1/../../../../arm-none-eabi/lib/thumb/v7-m\libc_nano.a(lib_a-stdio.o)
                0x000000000800401c                __sread
 .text.__swrite
                0x000000000800403e       0x38 c:/st/stm32cubeide_1.4.0/stm32cubeide/plugins/com.st.stm32cube.ide.mcu.externaltools.gnu-tools-for-stm32.7-2018-q2-update.win32_1.4.0.202007081208/tools/bin/../lib/gcc/arm-none-eabi/7.3.1/../../../../arm-none-eabi/lib/thumb/v7-m\libc_nano.a(lib_a-stdio.o)
                0x000000000800403e                __swrite
 .text.__sseek  0x0000000008004076       0x24 c:/st/stm32cubeide_1.4.0/stm32cubeide/plugins/com.st.stm32cube.ide.mcu.externaltools.gnu-tools-for-stm32.7-2018-q2-update.win32_1.4.0.202007081208/tools/bin/../lib/gcc/arm-none-eabi/7.3.1/../../../../arm-none-eabi/lib/thumb/v7-m\libc_nano.a(lib_a-stdio.o)
                0x0000000008004076                __sseek
 .text.__sclose
                0x000000000800409a        0x8 c:/st/stm32cubeide_1.4.0/stm32cubeide/plugins/com.st.stm32cube.ide.mcu.externaltools.gnu-tools-for-stm32.7-2018-q2-update.win32_1.4.0.202007081208/tools/bin/../lib/gcc/arm-none-eabi/7.3.1/../../../../arm-none-eabi/lib/thumb/v7-m\libc_nano.a(lib_a-stdio.o)
                0x000000000800409a                __sclose
 *fill*         0x00000000080040a2        0x2 
 .text._write_r
                0x00000000080040a4       0x24 c:/st/stm32cubeide_1.4.0/stm32cubeide/plugins/com.st.stm32cube.ide.mcu.externaltools.gnu-tools-for-stm32.7-2018-q2-update.win32_1.4.0.202007081208/tools/bin/../lib/gcc/arm-none-eabi/7.3.1/../../../../arm-none-eabi/lib/thumb/v7-m\libc_nano.a(lib_a-writer.o)
                0x00000000080040a4                _write_r
 .text._close_r
                0x00000000080040c8       0x20 c:/st/stm32cubeide_1.4.0/stm32cubeide/plugins/com.st.stm32cube.ide.mcu.externaltools.gnu-tools-for-stm32.7-2018-q2-update.win32_1.4.0.202007081208/tools/bin/../lib/gcc/arm-none-eabi/7.3.1/../../../../arm-none-eabi/lib/thumb/v7-m\libc_nano.a(lib_a-closer.o)
                0x00000000080040c8                _close_r
 .text._fstat_r
                0x00000000080040e8       0x24 c:/st/stm32cubeide_1.4.0/stm32cubeide/plugins/com.st.stm32cube.ide.mcu.externaltools.gnu-tools-for-stm32.7-2018-q2-update.win32_1.4.0.202007081208/tools/bin/../lib/gcc/arm-none-eabi/7.3.1/../../../../arm-none-eabi/lib/thumb/v7-m\libc_nano.a(lib_a-fstatr.o)
                0x00000000080040e8                _fstat_r
 .text._isatty_r
                0x000000000800410c       0x20 c:/st/stm32cubeide_1.4.0/stm32cubeide/plugins/com.st.stm32cube.ide.mcu.externaltools.gnu-tools-for-stm32.7-2018-q2-update.win32_1.4.0.202007081208/tools/bin/../lib/gcc/arm-none-eabi/7.3.1/../../../../arm-none-eabi/lib/thumb/v7-m\libc_nano.a(lib_a-isattyr.o)
                0x000000000800410c                _isatty_r
 .text._lseek_r
                0x000000000800412c       0x24 c:/st/stm32cubeide_1.4.0/stm32cubeide/plugins/com.st.stm32cube.ide.mcu.externaltools.gnu-tools-for-stm32.7-2018-q2-update.win32_1.4.0.202007081208/tools/bin/../lib/gcc/arm-none-eabi/7.3.1/../../../../arm-none-eabi/lib/thumb/v7-m\libc_nano.a(lib_a-lseekr.o)
                0x000000000800412c                _lseek_r
 .text.memchr   0x0000000008004150       0x1c c:/st/stm32cubeide_1.4.0/stm32cubeide/plugins/com.st.stm32cube.ide.mcu.externaltools.gnu-tools-for-stm32.7-2018-q2-update.win32_1.4.0.202007081208/tools/bin/../lib/gcc/arm-none-eabi/7.3.1/../../../../arm-none-eabi/lib/thumb/v7-m\libc_nano.a(lib_a-memchr-stub.o)
                0x0000000008004150                memchr
 .text.memmove  0x000000000800416c       0x32 c:/st/stm32cubeide_1.4.0/stm32cubeide/plugins/com.st.stm32cube.ide.mcu.externaltools.gnu-tools-for-stm32.7-2018-q2-update.win32_1.4.0.202007081208/tools/bin/../lib/gcc/arm-none-eabi/7.3.1/../../../../arm-none-eabi/lib/thumb/v7-m\libc_nano.a(lib_a-memmove.o)
                0x000000000800416c                memmove
 .text.__malloc_lock
                0x000000000800419e        0x2 c:/st/stm32cubeide_1.4.0/stm32cubeide/plugins/com.st.stm32cube.ide.mcu.externaltools.gnu-tools-for-stm32.7-2018-q2-update.win32_1.4.0.202007081208/tools/bin/../lib/gcc/arm-none-eabi/7.3.1/../../../../arm-none-eabi/lib/thumb/v7-m\libc_nano.a(lib_a-mlock.o)
                0x000000000800419e                __malloc_lock
 .text.__malloc_unlock
                0x00000000080041a0        0x2 c:/st/stm32cubeide_1.4.0/stm32cubeide/plugins/com.st.stm32cube.ide.mcu.externaltools.gnu-tools-for-stm32.7-2018-q2-update.win32_1.4.0.202007081208/tools/bin/../lib/gcc/arm-none-eabi/7.3.1/../../../../arm-none-eabi/lib/thumb/v7-m\libc_nano.a(lib_a-mlock.o)
                0x00000000080041a0                __malloc_unlock
 .text._realloc_r
                0x00000000080041a2       0x4c c:/st/stm32cubeide_1.4.0/stm32cubeide/plugins/com.st.stm32cube.ide.mcu.externaltools.gnu-tools-for-stm32.7-2018-q2-update.win32_1.4.0.202007081208/tools/bin/../lib/gcc/arm-none-eabi/7.3.1/../../../../arm-none-eabi/lib/thumb/v7-m\libc_nano.a(lib_a-nano-reallocr.o)
                0x00000000080041a2                _realloc_r
 *fill*         0x00000000080041ee        0x2 
 .text._read_r  0x00000000080041f0       0x24 c:/st/stm32cubeide_1.4.0/stm32cubeide/plugins/com.st.stm32cube.ide.mcu.externaltools.gnu-tools-for-stm32.7-2018-q2-update.win32_1.4.0.202007081208/tools/bin/../lib/gcc/arm-none-eabi/7.3.1/../../../../arm-none-eabi/lib/thumb/v7-m\libc_nano.a(lib_a-readr.o)
                0x00000000080041f0                _read_r
 .text._malloc_usable_size_r
                0x0000000008004214       0x10 c:/st/stm32cubeide_1.4.0/stm32cubeide/plugins/com.st.stm32cube.ide.mcu.externaltools.gnu-tools-for-stm32.7-2018-q2-update.win32_1.4.0.202007081208/tools/bin/../lib/gcc/arm-none-eabi/7.3.1/../../../../arm-none-eabi/lib/thumb/v7-m\libc_nano.a(lib_a-nano-msizer.o)
                0x0000000008004214                _malloc_usable_size_r
 *(.glue_7)
 .glue_7        0x0000000008004224        0x0 linker stubs
 *(.glue_7t)
 .glue_7t       0x0000000008004224        0x0 linker stubs
 *(.eh_frame)
 .eh_frame      0x0000000008004224        0x0 c:/st/stm32cubeide_1.4.0/stm32cubeide/plugins/com.st.stm32cube.ide.mcu.externaltools.gnu-tools-for-stm32.7-2018-q2-update.win32_1.4.0.202007081208/tools/bin/../lib/gcc/arm-none-eabi/7.3.1/thumb/v7-m/crtbegin.o
 *(.init)
 .init          0x0000000008004224        0x4 c:/st/stm32cubeide_1.4.0/stm32cubeide/plugins/com.st.stm32cube.ide.mcu.externaltools.gnu-tools-for-stm32.7-2018-q2-update.win32_1.4.0.202007081208/tools/bin/../lib/gcc/arm-none-eabi/7.3.1/thumb/v7-m/crti.o
                0x0000000008004224                _init
 .init          0x0000000008004228        0x8 c:/st/stm32cubeide_1.4.0/stm32cubeide/plugins/com.st.stm32cube.ide.mcu.externaltools.gnu-tools-for-stm32.7-2018-q2-update.win32_1.4.0.202007081208/tools/bin/../lib/gcc/arm-none-eabi/7.3.1/thumb/v7-m/crtn.o
 *(.fini)
 .fini          0x0000000008004230        0x4 c:/st/stm32cubeide_1.4.0/stm32cubeide/plugins/com.st.stm32cube.ide.mcu.externaltools.gnu-tools-for-stm32.7-2018-q2-update.win32_1.4.0.202007081208/tools/bin/../lib/gcc/arm-none-eabi/7.3.1/thumb/v7-m/crti.o
                0x0000000008004230                _fini
 .fini          0x0000000008004234        0x8 c:/st/stm32cubeide_1.4.0/stm32cubeide/plugins/com.st.stm32cube.ide.mcu.externaltools.gnu-tools-for-stm32.7-2018-q2-update.win32_1.4.0.202007081208/tools/bin/../lib/gcc/arm-none-eabi/7.3.1/thumb/v7-m/crtn.o
                0x000000000800423c                . = ALIGN (0x4)
                0x000000000800423c                _etext = .

.vfp11_veneer   0x000000000800423c        0x0
 .vfp11_veneer  0x000000000800423c        0x0 linker stubs

.v4_bx          0x000000000800423c        0x0
 .v4_bx         0x000000000800423c        0x0 linker stubs

.iplt           0x000000000800423c        0x0
 .iplt          0x000000000800423c        0x0 c:/st/stm32cubeide_1.4.0/stm32cubeide/plugins/com.st.stm32cube.ide.mcu.externaltools.gnu-tools-for-stm32.7-2018-q2-update.win32_1.4.0.202007081208/tools/bin/../lib/gcc/arm-none-eabi/7.3.1/thumb/v7-m/crtbegin.o

.rodata         0x000000000800423c      0x220
                0x000000000800423c                . = ALIGN (0x4)
 *(.rodata)
 .rodata        0x000000000800423c      0x13b Core/Src/main.o
 *fill*         0x0000000008004377        0x1 
 .rodata        0x0000000008004378       0x12 Drivers/STM32F1xx_HAL_Driver/Src/stm32f1xx_hal_rcc.o
 *(.rodata*)
 *fill*         0x000000000800438a        0x2 
 .rodata.SX1278_Power
                0x000000000800438c        0x4 Core/Src/SX1278.o
 .rodata.SX1278_SpreadFactor
                0x0000000008004390        0x7 Core/Src/SX1278.o
 *fill*         0x0000000008004397        0x1 
 .rodata.SX1278_LoRaBandwidth
                0x0000000008004398        0xa Core/Src/SX1278.o
 *fill*         0x00000000080043a2        0x2 
 .rodata.SX1278_CodingRate
                0x00000000080043a4        0x4 Core/Src/SX1278.o
 .rodata.SX1278_CRC_Sum
                0x00000000080043a8        0x2 Core/Src/SX1278.o
 *fill*         0x00000000080043aa        0x2 
 .rodata.AHBPrescTable
                0x00000000080043ac       0x10 Core/Src/system_stm32f1xx.o
                0x00000000080043ac                AHBPrescTable
 .rodata.APBPrescTable
                0x00000000080043bc        0x8 Core/Src/system_stm32f1xx.o
                0x00000000080043bc                APBPrescTable
 .rodata._global_impure_ptr
                0x00000000080043c4        0x4 c:/st/stm32cubeide_1.4.0/stm32cubeide/plugins/com.st.stm32cube.ide.mcu.externaltools.gnu-tools-for-stm32.7-2018-q2-update.win32_1.4.0.202007081208/tools/bin/../lib/gcc/arm-none-eabi/7.3.1/../../../../arm-none-eabi/lib/thumb/v7-m\libc_nano.a(lib_a-impure.o)
                0x00000000080043c4                _global_impure_ptr
 .rodata.__sf_fake_stderr
                0x00000000080043c8       0x20 c:/st/stm32cubeide_1.4.0/stm32cubeide/plugins/com.st.stm32cube.ide.mcu.externaltools.gnu-tools-for-stm32.7-2018-q2-update.win32_1.4.0.202007081208/tools/bin/../lib/gcc/arm-none-eabi/7.3.1/../../../../arm-none-eabi/lib/thumb/v7-m\libc_nano.a(lib_a-findfp.o)
                0x00000000080043c8                __sf_fake_stderr
 .rodata.__sf_fake_stdin
                0x00000000080043e8       0x20 c:/st/stm32cubeide_1.4.0/stm32cubeide/plugins/com.st.stm32cube.ide.mcu.externaltools.gnu-tools-for-stm32.7-2018-q2-update.win32_1.4.0.202007081208/tools/bin/../lib/gcc/arm-none-eabi/7.3.1/../../../../arm-none-eabi/lib/thumb/v7-m\libc_nano.a(lib_a-findfp.o)
                0x00000000080043e8                __sf_fake_stdin
 .rodata.__sf_fake_stdout
                0x0000000008004408       0x20 c:/st/stm32cubeide_1.4.0/stm32cubeide/plugins/com.st.stm32cube.ide.mcu.externaltools.gnu-tools-for-stm32.7-2018-q2-update.win32_1.4.0.202007081208/tools/bin/../lib/gcc/arm-none-eabi/7.3.1/../../../../arm-none-eabi/lib/thumb/v7-m\libc_nano.a(lib_a-findfp.o)
                0x0000000008004408                __sf_fake_stdout
 .rodata._svfprintf_r.str1.1
                0x0000000008004428       0x11 c:/st/stm32cubeide_1.4.0/stm32cubeide/plugins/com.st.stm32cube.ide.mcu.externaltools.gnu-tools-for-stm32.7-2018-q2-update.win32_1.4.0.202007081208/tools/bin/../lib/gcc/arm-none-eabi/7.3.1/../../../../arm-none-eabi/lib/thumb/v7-m\libc_nano.a(lib_a-nano-svfprintf.o)
 .rodata._vfprintf_r.str1.1
                0x0000000008004439       0x11 c:/st/stm32cubeide_1.4.0/stm32cubeide/plugins/com.st.stm32cube.ide.mcu.externaltools.gnu-tools-for-stm32.7-2018-q2-update.win32_1.4.0.202007081208/tools/bin/../lib/gcc/arm-none-eabi/7.3.1/../../../../arm-none-eabi/lib/thumb/v7-m\libc_nano.a(lib_a-nano-vfprintf.o)
 .rodata._printf_i.str1.1
                0x0000000008004439       0x22 c:/st/stm32cubeide_1.4.0/stm32cubeide/plugins/com.st.stm32cube.ide.mcu.externaltools.gnu-tools-for-stm32.7-2018-q2-update.win32_1.4.0.202007081208/tools/bin/../lib/gcc/arm-none-eabi/7.3.1/../../../../arm-none-eabi/lib/thumb/v7-m\libc_nano.a(lib_a-nano-vfprintf_i.o)
                0x000000000800445c                . = ALIGN (0x4)
 *fill*         0x000000000800445b        0x1 

.ARM.extab      0x000000000800445c        0x0
                0x000000000800445c                . = ALIGN (0x4)
 *(.ARM.extab* .gnu.linkonce.armextab.*)
                0x000000000800445c                . = ALIGN (0x4)

.ARM            0x000000000800445c        0x8
                0x000000000800445c                . = ALIGN (0x4)
                0x000000000800445c                __exidx_start = .
 *(.ARM.exidx*)
 .ARM.exidx     0x000000000800445c        0x8 c:/st/stm32cubeide_1.4.0/stm32cubeide/plugins/com.st.stm32cube.ide.mcu.externaltools.gnu-tools-for-stm32.7-2018-q2-update.win32_1.4.0.202007081208/tools/bin/../lib/gcc/arm-none-eabi/7.3.1/thumb/v7-m\libgcc.a(_udivmoddi4.o)
                0x0000000008004464                __exidx_end = .
                0x0000000008004464                . = ALIGN (0x4)

.rel.dyn        0x0000000008004464        0x0
 .rel.iplt      0x0000000008004464        0x0 c:/st/stm32cubeide_1.4.0/stm32cubeide/plugins/com.st.stm32cube.ide.mcu.externaltools.gnu-tools-for-stm32.7-2018-q2-update.win32_1.4.0.202007081208/tools/bin/../lib/gcc/arm-none-eabi/7.3.1/thumb/v7-m/crtbegin.o

.preinit_array  0x0000000008004464        0x0
                0x0000000008004464                . = ALIGN (0x4)
                0x0000000008004464                PROVIDE (__preinit_array_start = .)
 *(.preinit_array*)
                0x0000000008004464                PROVIDE (__preinit_array_end = .)
                0x0000000008004464                . = ALIGN (0x4)

.init_array     0x0000000008004464        0x4
                0x0000000008004464                . = ALIGN (0x4)
                0x0000000008004464                PROVIDE (__init_array_start = .)
 *(SORT_BY_NAME(.init_array.*))
 *(.init_array*)
 .init_array    0x0000000008004464        0x4 c:/st/stm32cubeide_1.4.0/stm32cubeide/plugins/com.st.stm32cube.ide.mcu.externaltools.gnu-tools-for-stm32.7-2018-q2-update.win32_1.4.0.202007081208/tools/bin/../lib/gcc/arm-none-eabi/7.3.1/thumb/v7-m/crtbegin.o
                0x0000000008004468                PROVIDE (__init_array_end = .)
                0x0000000008004468                . = ALIGN (0x4)

.fini_array     0x0000000008004468        0x4
                0x0000000008004468                . = ALIGN (0x4)
                [!provide]                        PROVIDE (__fini_array_start = .)
 *(SORT_BY_NAME(.fini_array.*))
 *(.fini_array*)
 .fini_array    0x0000000008004468        0x4 c:/st/stm32cubeide_1.4.0/stm32cubeide/plugins/com.st.stm32cube.ide.mcu.externaltools.gnu-tools-for-stm32.7-2018-q2-update.win32_1.4.0.202007081208/tools/bin/../lib/gcc/arm-none-eabi/7.3.1/thumb/v7-m/crtbegin.o
                [!provide]                        PROVIDE (__fini_array_end = .)
                0x000000000800446c                . = ALIGN (0x4)
                0x000000000800446c                _sidata = LOADADDR (.data)

.data           0x0000000020000000       0x70 load address 0x000000000800446c
                0x0000000020000000                . = ALIGN (0x4)
                0x0000000020000000                _sdata = .
 *(.data)
 *(.data*)
 .data.SystemCoreClock
                0x0000000020000000        0x4 Core/Src/system_stm32f1xx.o
                0x0000000020000000                SystemCoreClock
 .data.uwTickPrio
                0x0000000020000004        0x4 Drivers/STM32F1xx_HAL_Driver/Src/stm32f1xx_hal.o
                0x0000000020000004                uwTickPrio
 .data.uwTickFreq
                0x0000000020000008        0x1 Drivers/STM32F1xx_HAL_Driver/Src/stm32f1xx_hal.o
                0x0000000020000008                uwTickFreq
 *fill*         0x0000000020000009        0x3 
 .data._impure_ptr
                0x000000002000000c        0x4 c:/st/stm32cubeide_1.4.0/stm32cubeide/plugins/com.st.stm32cube.ide.mcu.externaltools.gnu-tools-for-stm32.7-2018-q2-update.win32_1.4.0.202007081208/tools/bin/../lib/gcc/arm-none-eabi/7.3.1/../../../../arm-none-eabi/lib/thumb/v7-m\libc_nano.a(lib_a-impure.o)
                0x000000002000000c                _impure_ptr
 .data.impure_data
                0x0000000020000010       0x60 c:/st/stm32cubeide_1.4.0/stm32cubeide/plugins/com.st.stm32cube.ide.mcu.externaltools.gnu-tools-for-stm32.7-2018-q2-update.win32_1.4.0.202007081208/tools/bin/../lib/gcc/arm-none-eabi/7.3.1/../../../../arm-none-eabi/lib/thumb/v7-m\libc_nano.a(lib_a-impure.o)
                0x0000000020000070                . = ALIGN (0x4)
                0x0000000020000070                _edata = .

.igot.plt       0x0000000020000070        0x0 load address 0x00000000080044dc
 .igot.plt      0x0000000020000070        0x0 c:/st/stm32cubeide_1.4.0/stm32cubeide/plugins/com.st.stm32cube.ide.mcu.externaltools.gnu-tools-for-stm32.7-2018-q2-update.win32_1.4.0.202007081208/tools/bin/../lib/gcc/arm-none-eabi/7.3.1/thumb/v7-m/crtbegin.o
                0x0000000020000070                . = ALIGN (0x4)

.bss            0x0000000020000070      0x414 load address 0x00000000080044dc
                0x0000000020000070                _sbss = .
                0x0000000020000070                __bss_start__ = _sbss
 *(.bss)
 .bss           0x0000000020000070       0x1c c:/st/stm32cubeide_1.4.0/stm32cubeide/plugins/com.st.stm32cube.ide.mcu.externaltools.gnu-tools-for-stm32.7-2018-q2-update.win32_1.4.0.202007081208/tools/bin/../lib/gcc/arm-none-eabi/7.3.1/thumb/v7-m/crtbegin.o
 *(.bss*)
 .bss.__sbrk_heap_end
                0x000000002000008c        0x4 Core/Src/sysmem.o
 .bss.__malloc_free_list
                0x0000000020000090        0x4 c:/st/stm32cubeide_1.4.0/stm32cubeide/plugins/com.st.stm32cube.ide.mcu.externaltools.gnu-tools-for-stm32.7-2018-q2-update.win32_1.4.0.202007081208/tools/bin/../lib/gcc/arm-none-eabi/7.3.1/../../../../arm-none-eabi/lib/thumb/v7-m\libc_nano.a(lib_a-nano-mallocr.o)
                0x0000000020000090                __malloc_free_list
 .bss.__malloc_sbrk_start
                0x0000000020000094        0x4 c:/st/stm32cubeide_1.4.0/stm32cubeide/plugins/com.st.stm32cube.ide.mcu.externaltools.gnu-tools-for-stm32.7-2018-q2-update.win32_1.4.0.202007081208/tools/bin/../lib/gcc/arm-none-eabi/7.3.1/../../../../arm-none-eabi/lib/thumb/v7-m\libc_nano.a(lib_a-nano-mallocr.o)
                0x0000000020000094                __malloc_sbrk_start
 *(COMMON)
 COMMON         0x0000000020000098      0x3e4 Core/Src/main.o
                0x0000000020000098                hspi2
                0x00000000200000f0                message_length
                0x00000000200000f4                message
                0x00000000200000f8                buffer
                0x00000000200002f8                huart2
                0x0000000020000340                SX1278
                0x0000000020000458                ret
                0x000000002000045c                SX1278_hw
                0x0000000020000478                master
 COMMON         0x000000002000047c        0x4 Drivers/STM32F1xx_HAL_Driver/Src/stm32f1xx_hal.o
                0x000000002000047c                uwTick
 COMMON         0x0000000020000480        0x4 c:/st/stm32cubeide_1.4.0/stm32cubeide/plugins/com.st.stm32cube.ide.mcu.externaltools.gnu-tools-for-stm32.7-2018-q2-update.win32_1.4.0.202007081208/tools/bin/../lib/gcc/arm-none-eabi/7.3.1/../../../../arm-none-eabi/lib/thumb/v7-m\libc_nano.a(lib_a-reent.o)
                0x0000000020000480                errno
                0x0000000020000484                . = ALIGN (0x4)
                0x0000000020000484                _ebss = .
                0x0000000020000484                __bss_end__ = _ebss

._user_heap_stack
                0x0000000020000484      0x604 load address 0x00000000080044dc
                0x0000000020000488                . = ALIGN (0x8)
 *fill*         0x0000000020000484        0x4 
                [!provide]                        PROVIDE (end = .)
                0x0000000020000488                PROVIDE (_end = .)
                0x0000000020000688                . = (. + _Min_Heap_Size)
 *fill*         0x0000000020000488      0x200 
                0x0000000020000a88                . = (. + _Min_Stack_Size)
 *fill*         0x0000000020000688      0x400 
                0x0000000020000a88                . = ALIGN (0x8)

/DISCARD/
 libc.a(*)
 libm.a(*)
 libgcc.a(*)

.ARM.attributes
                0x0000000000000000       0x29
 *(.ARM.attributes)
 .ARM.attributes
                0x0000000000000000       0x1d c:/st/stm32cubeide_1.4.0/stm32cubeide/plugins/com.st.stm32cube.ide.mcu.externaltools.gnu-tools-for-stm32.7-2018-q2-update.win32_1.4.0.202007081208/tools/bin/../lib/gcc/arm-none-eabi/7.3.1/thumb/v7-m/crti.o
 .ARM.attributes
                0x000000000000001d       0x2d c:/st/stm32cubeide_1.4.0/stm32cubeide/plugins/com.st.stm32cube.ide.mcu.externaltools.gnu-tools-for-stm32.7-2018-q2-update.win32_1.4.0.202007081208/tools/bin/../lib/gcc/arm-none-eabi/7.3.1/thumb/v7-m/crtbegin.o
 .ARM.attributes
                0x000000000000004a       0x33 Core/Src/SX1278.o
 .ARM.attributes
                0x000000000000007d       0x33 Core/Src/SX1278_hw.o
 .ARM.attributes
                0x00000000000000b0       0x33 Core/Src/main.o
 .ARM.attributes
                0x00000000000000e3       0x33 Core/Src/stm32f1xx_hal_msp.o
 .ARM.attributes
                0x0000000000000116       0x33 Core/Src/stm32f1xx_it.o
 .ARM.attributes
                0x0000000000000149       0x33 Core/Src/syscalls.o
 .ARM.attributes
                0x000000000000017c       0x33 Core/Src/sysmem.o
 .ARM.attributes
                0x00000000000001af       0x33 Core/Src/system_stm32f1xx.o
 .ARM.attributes
                0x00000000000001e2       0x21 Core/Startup/startup_stm32f103c8tx.o
 .ARM.attributes
                0x0000000000000203       0x33 Drivers/STM32F1xx_HAL_Driver/Src/stm32f1xx_hal.o
 .ARM.attributes
                0x0000000000000236       0x33 Drivers/STM32F1xx_HAL_Driver/Src/stm32f1xx_hal_cortex.o
 .ARM.attributes
                0x0000000000000269       0x33 Drivers/STM32F1xx_HAL_Driver/Src/stm32f1xx_hal_gpio.o
 .ARM.attributes
                0x000000000000029c       0x33 Drivers/STM32F1xx_HAL_Driver/Src/stm32f1xx_hal_rcc.o
 .ARM.attributes
                0x00000000000002cf       0x33 Drivers/STM32F1xx_HAL_Driver/Src/stm32f1xx_hal_spi.o
 .ARM.attributes
                0x0000000000000302       0x33 Drivers/STM32F1xx_HAL_Driver/Src/stm32f1xx_hal_uart.o
 .ARM.attributes
                0x0000000000000335       0x2d c:/st/stm32cubeide_1.4.0/stm32cubeide/plugins/com.st.stm32cube.ide.mcu.externaltools.gnu-tools-for-stm32.7-2018-q2-update.win32_1.4.0.202007081208/tools/bin/../lib/gcc/arm-none-eabi/7.3.1/../../../../arm-none-eabi/lib/thumb/v7-m\libc_nano.a(lib_a-errno.o)
 .ARM.attributes
                0x0000000000000362       0x2d c:/st/stm32cubeide_1.4.0/stm32cubeide/plugins/com.st.stm32cube.ide.mcu.externaltools.gnu-tools-for-stm32.7-2018-q2-update.win32_1.4.0.202007081208/tools/bin/../lib/gcc/arm-none-eabi/7.3.1/../../../../arm-none-eabi/lib/thumb/v7-m\libc_nano.a(lib_a-impure.o)
 .ARM.attributes
                0x000000000000038f       0x2d c:/st/stm32cubeide_1.4.0/stm32cubeide/plugins/com.st.stm32cube.ide.mcu.externaltools.gnu-tools-for-stm32.7-2018-q2-update.win32_1.4.0.202007081208/tools/bin/../lib/gcc/arm-none-eabi/7.3.1/../../../../arm-none-eabi/lib/thumb/v7-m\libc_nano.a(lib_a-init.o)
 .ARM.attributes
                0x00000000000003bc       0x2d c:/st/stm32cubeide_1.4.0/stm32cubeide/plugins/com.st.stm32cube.ide.mcu.externaltools.gnu-tools-for-stm32.7-2018-q2-update.win32_1.4.0.202007081208/tools/bin/../lib/gcc/arm-none-eabi/7.3.1/../../../../arm-none-eabi/lib/thumb/v7-m\libc_nano.a(lib_a-memcpy-stub.o)
 .ARM.attributes
                0x00000000000003e9       0x2d c:/st/stm32cubeide_1.4.0/stm32cubeide/plugins/com.st.stm32cube.ide.mcu.externaltools.gnu-tools-for-stm32.7-2018-q2-update.win32_1.4.0.202007081208/tools/bin/../lib/gcc/arm-none-eabi/7.3.1/../../../../arm-none-eabi/lib/thumb/v7-m\libc_nano.a(lib_a-memset.o)
 .ARM.attributes
                0x0000000000000416       0x2d c:/st/stm32cubeide_1.4.0/stm32cubeide/plugins/com.st.stm32cube.ide.mcu.externaltools.gnu-tools-for-stm32.7-2018-q2-update.win32_1.4.0.202007081208/tools/bin/../lib/gcc/arm-none-eabi/7.3.1/../../../../arm-none-eabi/lib/thumb/v7-m\libc_nano.a(lib_a-printf.o)
 .ARM.attributes
                0x0000000000000443       0x2d c:/st/stm32cubeide_1.4.0/stm32cubeide/plugins/com.st.stm32cube.ide.mcu.externaltools.gnu-tools-for-stm32.7-2018-q2-update.win32_1.4.0.202007081208/tools/bin/../lib/gcc/arm-none-eabi/7.3.1/../../../../arm-none-eabi/lib/thumb/v7-m\libc_nano.a(lib_a-puts.o)
 .ARM.attributes
                0x0000000000000470       0x2d c:/st/stm32cubeide_1.4.0/stm32cubeide/plugins/com.st.stm32cube.ide.mcu.externaltools.gnu-tools-for-stm32.7-2018-q2-update.win32_1.4.0.202007081208/tools/bin/../lib/gcc/arm-none-eabi/7.3.1/../../../../arm-none-eabi/lib/thumb/v7-m\libc_nano.a(lib_a-sprintf.o)
 .ARM.attributes
                0x000000000000049d       0x2d c:/st/stm32cubeide_1.4.0/stm32cubeide/plugins/com.st.stm32cube.ide.mcu.externaltools.gnu-tools-for-stm32.7-2018-q2-update.win32_1.4.0.202007081208/tools/bin/../lib/gcc/arm-none-eabi/7.3.1/../../../../arm-none-eabi/lib/thumb/v7-m\libc_nano.a(lib_a-wbuf.o)
 .ARM.attributes
                0x00000000000004ca       0x2d c:/st/stm32cubeide_1.4.0/stm32cubeide/plugins/com.st.stm32cube.ide.mcu.externaltools.gnu-tools-for-stm32.7-2018-q2-update.win32_1.4.0.202007081208/tools/bin/../lib/gcc/arm-none-eabi/7.3.1/../../../../arm-none-eabi/lib/thumb/v7-m\libc_nano.a(lib_a-wsetup.o)
 .ARM.attributes
                0x00000000000004f7       0x2d c:/st/stm32cubeide_1.4.0/stm32cubeide/plugins/com.st.stm32cube.ide.mcu.externaltools.gnu-tools-for-stm32.7-2018-q2-update.win32_1.4.0.202007081208/tools/bin/../lib/gcc/arm-none-eabi/7.3.1/../../../../arm-none-eabi/lib/thumb/v7-m\libc_nano.a(lib_a-fflush.o)
 .ARM.attributes
                0x0000000000000524       0x2d c:/st/stm32cubeide_1.4.0/stm32cubeide/plugins/com.st.stm32cube.ide.mcu.externaltools.gnu-tools-for-stm32.7-2018-q2-update.win32_1.4.0.202007081208/tools/bin/../lib/gcc/arm-none-eabi/7.3.1/../../../../arm-none-eabi/lib/thumb/v7-m\libc_nano.a(lib_a-findfp.o)
 .ARM.attributes
                0x0000000000000551       0x2d c:/st/stm32cubeide_1.4.0/stm32cubeide/plugins/com.st.stm32cube.ide.mcu.externaltools.gnu-tools-for-stm32.7-2018-q2-update.win32_1.4.0.202007081208/tools/bin/../lib/gcc/arm-none-eabi/7.3.1/../../../../arm-none-eabi/lib/thumb/v7-m\libc_nano.a(lib_a-fwalk.o)
 .ARM.attributes
                0x000000000000057e       0x2d c:/st/stm32cubeide_1.4.0/stm32cubeide/plugins/com.st.stm32cube.ide.mcu.externaltools.gnu-tools-for-stm32.7-2018-q2-update.win32_1.4.0.202007081208/tools/bin/../lib/gcc/arm-none-eabi/7.3.1/../../../../arm-none-eabi/lib/thumb/v7-m\libc_nano.a(lib_a-makebuf.o)
 .ARM.attributes
                0x00000000000005ab       0x2d c:/st/stm32cubeide_1.4.0/stm32cubeide/plugins/com.st.stm32cube.ide.mcu.externaltools.gnu-tools-for-stm32.7-2018-q2-update.win32_1.4.0.202007081208/tools/bin/../lib/gcc/arm-none-eabi/7.3.1/../../../../arm-none-eabi/lib/thumb/v7-m\libc_nano.a(lib_a-nano-freer.o)
 .ARM.attributes
                0x00000000000005d8       0x2d c:/st/stm32cubeide_1.4.0/stm32cubeide/plugins/com.st.stm32cube.ide.mcu.externaltools.gnu-tools-for-stm32.7-2018-q2-update.win32_1.4.0.202007081208/tools/bin/../lib/gcc/arm-none-eabi/7.3.1/../../../../arm-none-eabi/lib/thumb/v7-m\libc_nano.a(lib_a-nano-mallocr.o)
 .ARM.attributes
                0x0000000000000605       0x2d c:/st/stm32cubeide_1.4.0/stm32cubeide/plugins/com.st.stm32cube.ide.mcu.externaltools.gnu-tools-for-stm32.7-2018-q2-update.win32_1.4.0.202007081208/tools/bin/../lib/gcc/arm-none-eabi/7.3.1/../../../../arm-none-eabi/lib/thumb/v7-m\libc_nano.a(lib_a-nano-svfprintf.o)
 .ARM.attributes
                0x0000000000000632       0x2d c:/st/stm32cubeide_1.4.0/stm32cubeide/plugins/com.st.stm32cube.ide.mcu.externaltools.gnu-tools-for-stm32.7-2018-q2-update.win32_1.4.0.202007081208/tools/bin/../lib/gcc/arm-none-eabi/7.3.1/../../../../arm-none-eabi/lib/thumb/v7-m\libc_nano.a(lib_a-nano-vfprintf.o)
 .ARM.attributes
                0x000000000000065f       0x2d c:/st/stm32cubeide_1.4.0/stm32cubeide/plugins/com.st.stm32cube.ide.mcu.externaltools.gnu-tools-for-stm32.7-2018-q2-update.win32_1.4.0.202007081208/tools/bin/../lib/gcc/arm-none-eabi/7.3.1/../../../../arm-none-eabi/lib/thumb/v7-m\libc_nano.a(lib_a-nano-vfprintf_i.o)
 .ARM.attributes
                0x000000000000068c       0x2d c:/st/stm32cubeide_1.4.0/stm32cubeide/plugins/com.st.stm32cube.ide.mcu.externaltools.gnu-tools-for-stm32.7-2018-q2-update.win32_1.4.0.202007081208/tools/bin/../lib/gcc/arm-none-eabi/7.3.1/../../../../arm-none-eabi/lib/thumb/v7-m\libc_nano.a(lib_a-sbrkr.o)
 .ARM.attributes
                0x00000000000006b9       0x2d c:/st/stm32cubeide_1.4.0/stm32cubeide/plugins/com.st.stm32cube.ide.mcu.externaltools.gnu-tools-for-stm32.7-2018-q2-update.win32_1.4.0.202007081208/tools/bin/../lib/gcc/arm-none-eabi/7.3.1/../../../../arm-none-eabi/lib/thumb/v7-m\libc_nano.a(lib_a-stdio.o)
 .ARM.attributes
                0x00000000000006e6       0x2d c:/st/stm32cubeide_1.4.0/stm32cubeide/plugins/com.st.stm32cube.ide.mcu.externaltools.gnu-tools-for-stm32.7-2018-q2-update.win32_1.4.0.202007081208/tools/bin/../lib/gcc/arm-none-eabi/7.3.1/../../../../arm-none-eabi/lib/thumb/v7-m\libc_nano.a(lib_a-writer.o)
 .ARM.attributes
                0x0000000000000713       0x2d c:/st/stm32cubeide_1.4.0/stm32cubeide/plugins/com.st.stm32cube.ide.mcu.externaltools.gnu-tools-for-stm32.7-2018-q2-update.win32_1.4.0.202007081208/tools/bin/../lib/gcc/arm-none-eabi/7.3.1/../../../../arm-none-eabi/lib/thumb/v7-m\libc_nano.a(lib_a-closer.o)
 .ARM.attributes
                0x0000000000000740       0x2d c:/st/stm32cubeide_1.4.0/stm32cubeide/plugins/com.st.stm32cube.ide.mcu.externaltools.gnu-tools-for-stm32.7-2018-q2-update.win32_1.4.0.202007081208/tools/bin/../lib/gcc/arm-none-eabi/7.3.1/../../../../arm-none-eabi/lib/thumb/v7-m\libc_nano.a(lib_a-fstatr.o)
 .ARM.attributes
                0x000000000000076d       0x2d c:/st/stm32cubeide_1.4.0/stm32cubeide/plugins/com.st.stm32cube.ide.mcu.externaltools.gnu-tools-for-stm32.7-2018-q2-update.win32_1.4.0.202007081208/tools/bin/../lib/gcc/arm-none-eabi/7.3.1/../../../../arm-none-eabi/lib/thumb/v7-m\libc_nano.a(lib_a-isattyr.o)
 .ARM.attributes
                0x000000000000079a       0x2d c:/st/stm32cubeide_1.4.0/stm32cubeide/plugins/com.st.stm32cube.ide.mcu.externaltools.gnu-tools-for-stm32.7-2018-q2-update.win32_1.4.0.202007081208/tools/bin/../lib/gcc/arm-none-eabi/7.3.1/../../../../arm-none-eabi/lib/thumb/v7-m\libc_nano.a(lib_a-lseekr.o)
 .ARM.attributes
                0x00000000000007c7       0x2d c:/st/stm32cubeide_1.4.0/stm32cubeide/plugins/com.st.stm32cube.ide.mcu.externaltools.gnu-tools-for-stm32.7-2018-q2-update.win32_1.4.0.202007081208/tools/bin/../lib/gcc/arm-none-eabi/7.3.1/../../../../arm-none-eabi/lib/thumb/v7-m\libc_nano.a(lib_a-memchr-stub.o)
 .ARM.attributes
                0x00000000000007f4       0x2d c:/st/stm32cubeide_1.4.0/stm32cubeide/plugins/com.st.stm32cube.ide.mcu.externaltools.gnu-tools-for-stm32.7-2018-q2-update.win32_1.4.0.202007081208/tools/bin/../lib/gcc/arm-none-eabi/7.3.1/../../../../arm-none-eabi/lib/thumb/v7-m\libc_nano.a(lib_a-memmove.o)
 .ARM.attributes
                0x0000000000000821       0x2d c:/st/stm32cubeide_1.4.0/stm32cubeide/plugins/com.st.stm32cube.ide.mcu.externaltools.gnu-tools-for-stm32.7-2018-q2-update.win32_1.4.0.202007081208/tools/bin/../lib/gcc/arm-none-eabi/7.3.1/../../../../arm-none-eabi/lib/thumb/v7-m\libc_nano.a(lib_a-mlock.o)
 .ARM.attributes
                0x000000000000084e       0x2d c:/st/stm32cubeide_1.4.0/stm32cubeide/plugins/com.st.stm32cube.ide.mcu.externaltools.gnu-tools-for-stm32.7-2018-q2-update.win32_1.4.0.202007081208/tools/bin/../lib/gcc/arm-none-eabi/7.3.1/../../../../arm-none-eabi/lib/thumb/v7-m\libc_nano.a(lib_a-nano-reallocr.o)
 .ARM.attributes
                0x000000000000087b       0x2d c:/st/stm32cubeide_1.4.0/stm32cubeide/plugins/com.st.stm32cube.ide.mcu.externaltools.gnu-tools-for-stm32.7-2018-q2-update.win32_1.4.0.202007081208/tools/bin/../lib/gcc/arm-none-eabi/7.3.1/../../../../arm-none-eabi/lib/thumb/v7-m\libc_nano.a(lib_a-readr.o)
 .ARM.attributes
                0x00000000000008a8       0x2d c:/st/stm32cubeide_1.4.0/stm32cubeide/plugins/com.st.stm32cube.ide.mcu.externaltools.gnu-tools-for-stm32.7-2018-q2-update.win32_1.4.0.202007081208/tools/bin/../lib/gcc/arm-none-eabi/7.3.1/../../../../arm-none-eabi/lib/thumb/v7-m\libc_nano.a(lib_a-reent.o)
 .ARM.attributes
                0x00000000000008d5       0x2d c:/st/stm32cubeide_1.4.0/stm32cubeide/plugins/com.st.stm32cube.ide.mcu.externaltools.gnu-tools-for-stm32.7-2018-q2-update.win32_1.4.0.202007081208/tools/bin/../lib/gcc/arm-none-eabi/7.3.1/../../../../arm-none-eabi/lib/thumb/v7-m\libc_nano.a(lib_a-nano-msizer.o)
 .ARM.attributes
                0x0000000000000902       0x1d c:/st/stm32cubeide_1.4.0/stm32cubeide/plugins/com.st.stm32cube.ide.mcu.externaltools.gnu-tools-for-stm32.7-2018-q2-update.win32_1.4.0.202007081208/tools/bin/../lib/gcc/arm-none-eabi/7.3.1/thumb/v7-m\libgcc.a(_aeabi_uldivmod.o)
 .ARM.attributes
                0x000000000000091f       0x2d c:/st/stm32cubeide_1.4.0/stm32cubeide/plugins/com.st.stm32cube.ide.mcu.externaltools.gnu-tools-for-stm32.7-2018-q2-update.win32_1.4.0.202007081208/tools/bin/../lib/gcc/arm-none-eabi/7.3.1/thumb/v7-m\libgcc.a(_udivmoddi4.o)
 .ARM.attributes
                0x000000000000094c       0x1d c:/st/stm32cubeide_1.4.0/stm32cubeide/plugins/com.st.stm32cube.ide.mcu.externaltools.gnu-tools-for-stm32.7-2018-q2-update.win32_1.4.0.202007081208/tools/bin/../lib/gcc/arm-none-eabi/7.3.1/thumb/v7-m\libgcc.a(_dvmd_tls.o)
 .ARM.attributes
                0x0000000000000969       0x1d c:/st/stm32cubeide_1.4.0/stm32cubeide/plugins/com.st.stm32cube.ide.mcu.externaltools.gnu-tools-for-stm32.7-2018-q2-update.win32_1.4.0.202007081208/tools/bin/../lib/gcc/arm-none-eabi/7.3.1/thumb/v7-m/crtn.o
OUTPUT(DEVZONE_SX1278.elf elf32-littlearm)

.debug_info     0x0000000000000000     0xacae
 .debug_info    0x0000000000000000     0x1050 Core/Src/SX1278.o
 .debug_info    0x0000000000001050      0xfc5 Core/Src/SX1278_hw.o
 .debug_info    0x0000000000002015     0x18ec Core/Src/main.o
 .debug_info    0x0000000000003901      0xb29 Core/Src/stm32f1xx_hal_msp.o
 .debug_info    0x000000000000442a      0x20a Core/Src/stm32f1xx_it.o
 .debug_info    0x0000000000004634      0xebd Core/Src/syscalls.o
 .debug_info    0x00000000000054f1      0x985 Core/Src/sysmem.o
 .debug_info    0x0000000000005e76      0x29a Core/Src/system_stm32f1xx.o
 .debug_info    0x0000000000006110       0x22 Core/Startup/startup_stm32f103c8tx.o
 .debug_info    0x0000000000006132      0x714 Drivers/STM32F1xx_HAL_Driver/Src/stm32f1xx_hal.o
 .debug_info    0x0000000000006846      0xb51 Drivers/STM32F1xx_HAL_Driver/Src/stm32f1xx_hal_cortex.o
 .debug_info    0x0000000000007397      0x69b Drivers/STM32F1xx_HAL_Driver/Src/stm32f1xx_hal_gpio.o
 .debug_info    0x0000000000007a32      0x80f Drivers/STM32F1xx_HAL_Driver/Src/stm32f1xx_hal_rcc.o
 .debug_info    0x0000000000008241     0x1581 Drivers/STM32F1xx_HAL_Driver/Src/stm32f1xx_hal_spi.o
 .debug_info    0x00000000000097c2     0x14ec Drivers/STM32F1xx_HAL_Driver/Src/stm32f1xx_hal_uart.o

.debug_abbrev   0x0000000000000000     0x1c60
 .debug_abbrev  0x0000000000000000      0x24c Core/Src/SX1278.o
 .debug_abbrev  0x000000000000024c      0x205 Core/Src/SX1278_hw.o
 .debug_abbrev  0x0000000000000451      0x33f Core/Src/main.o
 .debug_abbrev  0x0000000000000790      0x18c Core/Src/stm32f1xx_hal_msp.o
 .debug_abbrev  0x000000000000091c       0xc6 Core/Src/stm32f1xx_it.o
 .debug_abbrev  0x00000000000009e2      0x261 Core/Src/syscalls.o
 .debug_abbrev  0x0000000000000c43      0x19b Core/Src/sysmem.o
 .debug_abbrev  0x0000000000000dde      0x134 Core/Src/system_stm32f1xx.o
 .debug_abbrev  0x0000000000000f12       0x12 Core/Startup/startup_stm32f103c8tx.o
 .debug_abbrev  0x0000000000000f24      0x1c7 Drivers/STM32F1xx_HAL_Driver/Src/stm32f1xx_hal.o
 .debug_abbrev  0x00000000000010eb      0x2d5 Drivers/STM32F1xx_HAL_Driver/Src/stm32f1xx_hal_cortex.o
 .debug_abbrev  0x00000000000013c0      0x1c0 Drivers/STM32F1xx_HAL_Driver/Src/stm32f1xx_hal_gpio.o
 .debug_abbrev  0x0000000000001580      0x243 Drivers/STM32F1xx_HAL_Driver/Src/stm32f1xx_hal_rcc.o
 .debug_abbrev  0x00000000000017c3      0x240 Drivers/STM32F1xx_HAL_Driver/Src/stm32f1xx_hal_spi.o
 .debug_abbrev  0x0000000000001a03      0x25d Drivers/STM32F1xx_HAL_Driver/Src/stm32f1xx_hal_uart.o

.debug_aranges  0x0000000000000000      0x9b0
 .debug_aranges
                0x0000000000000000       0xb8 Core/Src/SX1278.o
 .debug_aranges
                0x00000000000000b8       0x50 Core/Src/SX1278_hw.o
 .debug_aranges
                0x0000000000000108       0x58 Core/Src/main.o
 .debug_aranges
                0x0000000000000160       0x40 Core/Src/stm32f1xx_hal_msp.o
 .debug_aranges
                0x00000000000001a0       0x60 Core/Src/stm32f1xx_it.o
 .debug_aranges
                0x0000000000000200       0xa8 Core/Src/syscalls.o
 .debug_aranges
                0x00000000000002a8       0x20 Core/Src/sysmem.o
 .debug_aranges
                0x00000000000002c8       0x28 Core/Src/system_stm32f1xx.o
 .debug_aranges
                0x00000000000002f0       0x28 Core/Startup/startup_stm32f103c8tx.o
 .debug_aranges
                0x0000000000000318       0xe0 Drivers/STM32F1xx_HAL_Driver/Src/stm32f1xx_hal.o
 .debug_aranges
                0x00000000000003f8      0x100 Drivers/STM32F1xx_HAL_Driver/Src/stm32f1xx_hal_cortex.o
 .debug_aranges
                0x00000000000004f8       0x58 Drivers/STM32F1xx_HAL_Driver/Src/stm32f1xx_hal_gpio.o
 .debug_aranges
                0x0000000000000550       0x90 Drivers/STM32F1xx_HAL_Driver/Src/stm32f1xx_hal_rcc.o
 .debug_aranges
                0x00000000000005e0      0x1d0 Drivers/STM32F1xx_HAL_Driver/Src/stm32f1xx_hal_spi.o
 .debug_aranges
                0x00000000000007b0      0x200 Drivers/STM32F1xx_HAL_Driver/Src/stm32f1xx_hal_uart.o

.debug_ranges   0x0000000000000000      0x8f8
 .debug_ranges  0x0000000000000000       0xa8 Core/Src/SX1278.o
 .debug_ranges  0x00000000000000a8       0x40 Core/Src/SX1278_hw.o
 .debug_ranges  0x00000000000000e8       0x48 Core/Src/main.o
 .debug_ranges  0x0000000000000130       0x30 Core/Src/stm32f1xx_hal_msp.o
 .debug_ranges  0x0000000000000160       0x50 Core/Src/stm32f1xx_it.o
 .debug_ranges  0x00000000000001b0       0x98 Core/Src/syscalls.o
 .debug_ranges  0x0000000000000248       0x10 Core/Src/sysmem.o
 .debug_ranges  0x0000000000000258       0x18 Core/Src/system_stm32f1xx.o
 .debug_ranges  0x0000000000000270       0x20 Core/Startup/startup_stm32f103c8tx.o
 .debug_ranges  0x0000000000000290       0xd0 Drivers/STM32F1xx_HAL_Driver/Src/stm32f1xx_hal.o
 .debug_ranges  0x0000000000000360       0xf0 Drivers/STM32F1xx_HAL_Driver/Src/stm32f1xx_hal_cortex.o
 .debug_ranges  0x0000000000000450       0x48 Drivers/STM32F1xx_HAL_Driver/Src/stm32f1xx_hal_gpio.o
 .debug_ranges  0x0000000000000498       0x80 Drivers/STM32F1xx_HAL_Driver/Src/stm32f1xx_hal_rcc.o
 .debug_ranges  0x0000000000000518      0x1c0 Drivers/STM32F1xx_HAL_Driver/Src/stm32f1xx_hal_spi.o
 .debug_ranges  0x00000000000006d8      0x220 Drivers/STM32F1xx_HAL_Driver/Src/stm32f1xx_hal_uart.o

.debug_macro    0x0000000000000000    0x18588
 .debug_macro   0x0000000000000000      0x14b Core/Src/SX1278.o
 .debug_macro   0x000000000000014b      0xa5a Core/Src/SX1278.o
 .debug_macro   0x0000000000000ba5       0x22 Core/Src/SX1278.o
 .debug_macro   0x0000000000000bc7       0x8e Core/Src/SX1278.o
 .debug_macro   0x0000000000000c55       0x51 Core/Src/SX1278.o
 .debug_macro   0x0000000000000ca6       0xef Core/Src/SX1278.o
 .debug_macro   0x0000000000000d95       0x6a Core/Src/SX1278.o
 .debug_macro   0x0000000000000dff      0x1df Core/Src/SX1278.o
 .debug_macro   0x0000000000000fde       0x22 Core/Src/SX1278.o
 .debug_macro   0x0000000000001000      0x38a Core/Src/SX1278.o
 .debug_macro   0x000000000000138a       0x46 Core/Src/SX1278.o
 .debug_macro   0x00000000000013d0       0x18 Core/Src/SX1278.o
 .debug_macro   0x00000000000013e8       0x3c Core/Src/SX1278.o
 .debug_macro   0x0000000000001424       0x34 Core/Src/SX1278.o
 .debug_macro   0x0000000000001458      0x174 Core/Src/SX1278.o
 .debug_macro   0x00000000000015cc       0x52 Core/Src/SX1278.o
 .debug_macro   0x000000000000161e       0x1f Core/Src/SX1278.o
 .debug_macro   0x000000000000163d       0x43 Core/Src/SX1278.o
 .debug_macro   0x0000000000001680       0x20 Core/Src/SX1278.o
 .debug_macro   0x00000000000016a0      0x1a3 Core/Src/SX1278.o
 .debug_macro   0x0000000000001843      0x330 Core/Src/SX1278.o
 .debug_macro   0x0000000000001b73       0x10 Core/Src/SX1278.o
 .debug_macro   0x0000000000001b83       0x35 Core/Src/SX1278.o
 .debug_macro   0x0000000000001bb8       0x20 Core/Src/SX1278.o
 .debug_macro   0x0000000000001bd8      0x286 Core/Src/SX1278_hw.o
 .debug_macro   0x0000000000001e5e      0x21b Core/Src/SX1278_hw.o
 .debug_macro   0x0000000000002079       0x2e Core/Src/SX1278_hw.o
 .debug_macro   0x00000000000020a7       0x22 Core/Src/SX1278_hw.o
 .debug_macro   0x00000000000020c9       0x1c Core/Src/SX1278_hw.o
 .debug_macro   0x00000000000020e5       0x22 Core/Src/SX1278_hw.o
 .debug_macro   0x0000000000002107       0xbd Core/Src/SX1278_hw.o
 .debug_macro   0x00000000000021c4      0xd23 Core/Src/SX1278_hw.o
 .debug_macro   0x0000000000002ee7     0xe09e Core/Src/SX1278_hw.o
 .debug_macro   0x0000000000010f85       0x6d Core/Src/SX1278_hw.o
 .debug_macro   0x0000000000010ff2     0x3468 Core/Src/SX1278_hw.o
 .debug_macro   0x000000000001445a       0x56 Core/Src/SX1278_hw.o
 .debug_macro   0x00000000000144b0      0x5be Core/Src/SX1278_hw.o
 .debug_macro   0x0000000000014a6e      0x289 Core/Src/SX1278_hw.o
 .debug_macro   0x0000000000014cf7      0x1cb Core/Src/SX1278_hw.o
 .debug_macro   0x0000000000014ec2      0x114 Core/Src/SX1278_hw.o
 .debug_macro   0x0000000000014fd6      0x1b2 Core/Src/SX1278_hw.o
 .debug_macro   0x0000000000015188       0x27 Core/Src/SX1278_hw.o
 .debug_macro   0x00000000000151af      0x136 Core/Src/SX1278_hw.o
 .debug_macro   0x00000000000152e5      0x1bc Core/Src/SX1278_hw.o
 .debug_macro   0x00000000000154a1       0x34 Core/Src/SX1278_hw.o
 .debug_macro   0x00000000000154d5       0x3c Core/Src/SX1278_hw.o
 .debug_macro   0x0000000000015511       0x57 Core/Src/SX1278_hw.o
 .debug_macro   0x0000000000015568       0x88 Core/Src/SX1278_hw.o
 .debug_macro   0x00000000000155f0      0x241 Core/Src/SX1278_hw.o
 .debug_macro   0x0000000000015831      0x141 Core/Src/SX1278_hw.o
 .debug_macro   0x0000000000015972      0x217 Core/Src/SX1278_hw.o
 .debug_macro   0x0000000000015b89      0x279 Core/Src/SX1278_hw.o
 .debug_macro   0x0000000000015e02       0x83 Core/Src/SX1278_hw.o
 .debug_macro   0x0000000000015e85       0x40 Core/Src/SX1278_hw.o
 .debug_macro   0x0000000000015ec5      0x383 Core/Src/main.o
 .debug_macro   0x0000000000016248       0x16 Core/Src/main.o
 .debug_macro   0x000000000001625e      0x32a Core/Src/main.o
 .debug_macro   0x0000000000016588       0x10 Core/Src/main.o
 .debug_macro   0x0000000000016598       0x10 Core/Src/main.o
 .debug_macro   0x00000000000165a8       0x1c Core/Src/main.o
 .debug_macro   0x00000000000165c4       0x52 Core/Src/main.o
 .debug_macro   0x0000000000016616       0x40 Core/Src/main.o
 .debug_macro   0x0000000000016656       0x10 Core/Src/main.o
 .debug_macro   0x0000000000016666       0x40 Core/Src/main.o
 .debug_macro   0x00000000000166a6       0xd7 Core/Src/main.o
 .debug_macro   0x000000000001677d       0x1c Core/Src/main.o
 .debug_macro   0x0000000000016799       0x3d Core/Src/main.o
 .debug_macro   0x00000000000167d6       0x16 Core/Src/main.o
 .debug_macro   0x00000000000167ec      0x145 Core/Src/main.o
 .debug_macro   0x0000000000016931       0x16 Core/Src/main.o
 .debug_macro   0x0000000000016947       0x16 Core/Src/main.o
 .debug_macro   0x000000000001695d       0x16 Core/Src/main.o
 .debug_macro   0x0000000000016973       0x29 Core/Src/main.o
 .debug_macro   0x000000000001699c      0x1a7 Core/Src/stm32f1xx_hal_msp.o
 .debug_macro   0x0000000000016b43      0x1b1 Core/Src/stm32f1xx_it.o
 .debug_macro   0x0000000000016cf4      0x243 Core/Src/syscalls.o
 .debug_macro   0x0000000000016f37       0x40 Core/Src/syscalls.o
 .debug_macro   0x0000000000016f77       0x94 Core/Src/syscalls.o
 .debug_macro   0x000000000001700b       0x57 Core/Src/syscalls.o
 .debug_macro   0x0000000000017062       0x10 Core/Src/syscalls.o
 .debug_macro   0x0000000000017072       0x10 Core/Src/syscalls.o
 .debug_macro   0x0000000000017082       0x10 Core/Src/syscalls.o
 .debug_macro   0x0000000000017092       0x35 Core/Src/syscalls.o
 .debug_macro   0x00000000000170c7      0x122 Core/Src/syscalls.o
 .debug_macro   0x00000000000171e9       0x10 Core/Src/syscalls.o
 .debug_macro   0x00000000000171f9      0x241 Core/Src/syscalls.o
 .debug_macro   0x000000000001743a       0x1c Core/Src/syscalls.o
 .debug_macro   0x0000000000017456       0x10 Core/Src/syscalls.o
 .debug_macro   0x0000000000017466      0x189 Core/Src/syscalls.o
 .debug_macro   0x00000000000175ef       0x16 Core/Src/syscalls.o
 .debug_macro   0x0000000000017605       0x88 Core/Src/syscalls.o
 .debug_macro   0x000000000001768d       0xee Core/Src/sysmem.o
 .debug_macro   0x000000000001777b      0x23b Core/Src/sysmem.o
 .debug_macro   0x00000000000179b6      0x198 Core/Src/system_stm32f1xx.o
 .debug_macro   0x0000000000017b4e      0x1bc Drivers/STM32F1xx_HAL_Driver/Src/stm32f1xx_hal.o
 .debug_macro   0x0000000000017d0a      0x198 Drivers/STM32F1xx_HAL_Driver/Src/stm32f1xx_hal_cortex.o
 .debug_macro   0x0000000000017ea2      0x203 Drivers/STM32F1xx_HAL_Driver/Src/stm32f1xx_hal_gpio.o
 .debug_macro   0x00000000000180a5      0x1aa Drivers/STM32F1xx_HAL_Driver/Src/stm32f1xx_hal_rcc.o
 .debug_macro   0x000000000001824f      0x1a0 Drivers/STM32F1xx_HAL_Driver/Src/stm32f1xx_hal_spi.o
 .debug_macro   0x00000000000183ef      0x199 Drivers/STM32F1xx_HAL_Driver/Src/stm32f1xx_hal_uart.o

.debug_line     0x0000000000000000     0x7d54
 .debug_line    0x0000000000000000      0x724 Core/Src/SX1278.o
 .debug_line    0x0000000000000724      0x849 Core/Src/SX1278_hw.o
 .debug_line    0x0000000000000f6d      0x9d3 Core/Src/main.o
 .debug_line    0x0000000000001940      0x6c0 Core/Src/stm32f1xx_hal_msp.o
 .debug_line    0x0000000000002000      0x701 Core/Src/stm32f1xx_it.o
 .debug_line    0x0000000000002701      0x73e Core/Src/syscalls.o
 .debug_line    0x0000000000002e3f      0x4c7 Core/Src/sysmem.o
 .debug_line    0x0000000000003306      0x685 Core/Src/system_stm32f1xx.o
 .debug_line    0x000000000000398b       0x87 Core/Startup/startup_stm32f103c8tx.o
 .debug_line    0x0000000000003a12      0x838 Drivers/STM32F1xx_HAL_Driver/Src/stm32f1xx_hal.o
 .debug_line    0x000000000000424a      0x90f Drivers/STM32F1xx_HAL_Driver/Src/stm32f1xx_hal_cortex.o
 .debug_line    0x0000000000004b59      0x834 Drivers/STM32F1xx_HAL_Driver/Src/stm32f1xx_hal_gpio.o
 .debug_line    0x000000000000538d      0x8f8 Drivers/STM32F1xx_HAL_Driver/Src/stm32f1xx_hal_rcc.o
 .debug_line    0x0000000000005c85     0x1027 Drivers/STM32F1xx_HAL_Driver/Src/stm32f1xx_hal_spi.o
 .debug_line    0x0000000000006cac     0x10a8 Drivers/STM32F1xx_HAL_Driver/Src/stm32f1xx_hal_uart.o

.debug_str      0x0000000000000000    0x85d29
 .debug_str     0x0000000000000000     0x7a56 Core/Src/SX1278.o
                                       0x7d14 (size before relaxing)
 .debug_str     0x0000000000007a56    0x79f99 Core/Src/SX1278_hw.o
                                      0x8102f (size before relaxing)
 .debug_str     0x00000000000819ef     0x172b Core/Src/main.o
                                      0x83321 (size before relaxing)
 .debug_str     0x000000000008311a       0xa1 Core/Src/stm32f1xx_hal_msp.o
                                      0x7e248 (size before relaxing)
 .debug_str     0x00000000000831bb       0xbd Core/Src/stm32f1xx_it.o
                                      0x7dc8d (size before relaxing)
 .debug_str     0x0000000000083278     0x10ed Core/Src/syscalls.o
                                       0x886e (size before relaxing)
 .debug_str     0x0000000000084365       0x6b Core/Src/sysmem.o
                                       0x5f3c (size before relaxing)
 .debug_str     0x00000000000843d0       0x52 Core/Src/system_stm32f1xx.o
                                      0x7db91 (size before relaxing)
 .debug_str     0x0000000000084422       0x36 Core/Startup/startup_stm32f103c8tx.o
                                         0x6c (size before relaxing)
 .debug_str     0x0000000000084458      0x559 Drivers/STM32F1xx_HAL_Driver/Src/stm32f1xx_hal.o
                                      0x7e222 (size before relaxing)
 .debug_str     0x00000000000849b1      0x2d8 Drivers/STM32F1xx_HAL_Driver/Src/stm32f1xx_hal_cortex.o
                                      0x7e22a (size before relaxing)
 .debug_str     0x0000000000084c89      0x31f Drivers/STM32F1xx_HAL_Driver/Src/stm32f1xx_hal_gpio.o
                                      0x7df55 (size before relaxing)
 .debug_str     0x0000000000084fa8      0x24f Drivers/STM32F1xx_HAL_Driver/Src/stm32f1xx_hal_rcc.o
                                      0x7df8e (size before relaxing)
 .debug_str     0x00000000000851f7      0x54e Drivers/STM32F1xx_HAL_Driver/Src/stm32f1xx_hal_spi.o
                                      0x7e49d (size before relaxing)
 .debug_str     0x0000000000085745      0x5e4 Drivers/STM32F1xx_HAL_Driver/Src/stm32f1xx_hal_uart.o
                                      0x7e580 (size before relaxing)

.comment        0x0000000000000000       0x7b
 .comment       0x0000000000000000       0x7b Core/Src/SX1278.o
                                         0x7c (size before relaxing)
 .comment       0x000000000000007b       0x7c Core/Src/SX1278_hw.o
 .comment       0x000000000000007b       0x7c Core/Src/main.o
 .comment       0x000000000000007b       0x7c Core/Src/stm32f1xx_hal_msp.o
 .comment       0x000000000000007b       0x7c Core/Src/stm32f1xx_it.o
 .comment       0x000000000000007b       0x7c Core/Src/syscalls.o
 .comment       0x000000000000007b       0x7c Core/Src/sysmem.o
 .comment       0x000000000000007b       0x7c Core/Src/system_stm32f1xx.o
 .comment       0x000000000000007b       0x7c Drivers/STM32F1xx_HAL_Driver/Src/stm32f1xx_hal.o
 .comment       0x000000000000007b       0x7c Drivers/STM32F1xx_HAL_Driver/Src/stm32f1xx_hal_cortex.o
 .comment       0x000000000000007b       0x7c Drivers/STM32F1xx_HAL_Driver/Src/stm32f1xx_hal_gpio.o
 .comment       0x000000000000007b       0x7c Drivers/STM32F1xx_HAL_Driver/Src/stm32f1xx_hal_rcc.o
 .comment       0x000000000000007b       0x7c Drivers/STM32F1xx_HAL_Driver/Src/stm32f1xx_hal_spi.o
 .comment       0x000000000000007b       0x7c Drivers/STM32F1xx_HAL_Driver/Src/stm32f1xx_hal_uart.o

.debug_frame    0x0000000000000000     0x2fb4
 .debug_frame   0x0000000000000000      0x2ec Core/Src/SX1278.o
 .debug_frame   0x00000000000002ec      0x10c Core/Src/SX1278_hw.o
 .debug_frame   0x00000000000003f8      0x114 Core/Src/main.o
 .debug_frame   0x000000000000050c       0xc8 Core/Src/stm32f1xx_hal_msp.o
 .debug_frame   0x00000000000005d4      0x10c Core/Src/stm32f1xx_it.o
 .debug_frame   0x00000000000006e0      0x2ac Core/Src/syscalls.o
 .debug_frame   0x000000000000098c       0x34 Core/Src/sysmem.o
 .debug_frame   0x00000000000009c0       0x58 Core/Src/system_stm32f1xx.o
 .debug_frame   0x0000000000000a18      0x334 Drivers/STM32F1xx_HAL_Driver/Src/stm32f1xx_hal.o
 .debug_frame   0x0000000000000d4c      0x428 Drivers/STM32F1xx_HAL_Driver/Src/stm32f1xx_hal_cortex.o
 .debug_frame   0x0000000000001174      0x14c Drivers/STM32F1xx_HAL_Driver/Src/stm32f1xx_hal_gpio.o
 .debug_frame   0x00000000000012c0      0x21c Drivers/STM32F1xx_HAL_Driver/Src/stm32f1xx_hal_rcc.o
 .debug_frame   0x00000000000014dc      0x824 Drivers/STM32F1xx_HAL_Driver/Src/stm32f1xx_hal_spi.o
 .debug_frame   0x0000000000001d00      0x914 Drivers/STM32F1xx_HAL_Driver/Src/stm32f1xx_hal_uart.o
 .debug_frame   0x0000000000002614       0x20 c:/st/stm32cubeide_1.4.0/stm32cubeide/plugins/com.st.stm32cube.ide.mcu.externaltools.gnu-tools-for-stm32.7-2018-q2-update.win32_1.4.0.202007081208/tools/bin/../lib/gcc/arm-none-eabi/7.3.1/../../../../arm-none-eabi/lib/thumb/v7-m\libc_nano.a(lib_a-errno.o)
 .debug_frame   0x0000000000002634       0x2c c:/st/stm32cubeide_1.4.0/stm32cubeide/plugins/com.st.stm32cube.ide.mcu.externaltools.gnu-tools-for-stm32.7-2018-q2-update.win32_1.4.0.202007081208/tools/bin/../lib/gcc/arm-none-eabi/7.3.1/../../../../arm-none-eabi/lib/thumb/v7-m\libc_nano.a(lib_a-init.o)
 .debug_frame   0x0000000000002660       0x28 c:/st/stm32cubeide_1.4.0/stm32cubeide/plugins/com.st.stm32cube.ide.mcu.externaltools.gnu-tools-for-stm32.7-2018-q2-update.win32_1.4.0.202007081208/tools/bin/../lib/gcc/arm-none-eabi/7.3.1/../../../../arm-none-eabi/lib/thumb/v7-m\libc_nano.a(lib_a-memcpy-stub.o)
 .debug_frame   0x0000000000002688       0x20 c:/st/stm32cubeide_1.4.0/stm32cubeide/plugins/com.st.stm32cube.ide.mcu.externaltools.gnu-tools-for-stm32.7-2018-q2-update.win32_1.4.0.202007081208/tools/bin/../lib/gcc/arm-none-eabi/7.3.1/../../../../arm-none-eabi/lib/thumb/v7-m\libc_nano.a(lib_a-memset.o)
 .debug_frame   0x00000000000026a8       0x74 c:/st/stm32cubeide_1.4.0/stm32cubeide/plugins/com.st.stm32cube.ide.mcu.externaltools.gnu-tools-for-stm32.7-2018-q2-update.win32_1.4.0.202007081208/tools/bin/../lib/gcc/arm-none-eabi/7.3.1/../../../../arm-none-eabi/lib/thumb/v7-m\libc_nano.a(lib_a-printf.o)
 .debug_frame   0x000000000000271c       0x3c c:/st/stm32cubeide_1.4.0/stm32cubeide/plugins/com.st.stm32cube.ide.mcu.externaltools.gnu-tools-for-stm32.7-2018-q2-update.win32_1.4.0.202007081208/tools/bin/../lib/gcc/arm-none-eabi/7.3.1/../../../../arm-none-eabi/lib/thumb/v7-m\libc_nano.a(lib_a-puts.o)
 .debug_frame   0x0000000000002758       0x6c c:/st/stm32cubeide_1.4.0/stm32cubeide/plugins/com.st.stm32cube.ide.mcu.externaltools.gnu-tools-for-stm32.7-2018-q2-update.win32_1.4.0.202007081208/tools/bin/../lib/gcc/arm-none-eabi/7.3.1/../../../../arm-none-eabi/lib/thumb/v7-m\libc_nano.a(lib_a-sprintf.o)
 .debug_frame   0x00000000000027c4       0x40 c:/st/stm32cubeide_1.4.0/stm32cubeide/plugins/com.st.stm32cube.ide.mcu.externaltools.gnu-tools-for-stm32.7-2018-q2-update.win32_1.4.0.202007081208/tools/bin/../lib/gcc/arm-none-eabi/7.3.1/../../../../arm-none-eabi/lib/thumb/v7-m\libc_nano.a(lib_a-wbuf.o)
 .debug_frame   0x0000000000002804       0x2c c:/st/stm32cubeide_1.4.0/stm32cubeide/plugins/com.st.stm32cube.ide.mcu.externaltools.gnu-tools-for-stm32.7-2018-q2-update.win32_1.4.0.202007081208/tools/bin/../lib/gcc/arm-none-eabi/7.3.1/../../../../arm-none-eabi/lib/thumb/v7-m\libc_nano.a(lib_a-wsetup.o)
 .debug_frame   0x0000000000002830       0x68 c:/st/stm32cubeide_1.4.0/stm32cubeide/plugins/com.st.stm32cube.ide.mcu.externaltools.gnu-tools-for-stm32.7-2018-q2-update.win32_1.4.0.202007081208/tools/bin/../lib/gcc/arm-none-eabi/7.3.1/../../../../arm-none-eabi/lib/thumb/v7-m\libc_nano.a(lib_a-fflush.o)
 .debug_frame   0x0000000000002898      0x11c c:/st/stm32cubeide_1.4.0/stm32cubeide/plugins/com.st.stm32cube.ide.mcu.externaltools.gnu-tools-for-stm32.7-2018-q2-update.win32_1.4.0.202007081208/tools/bin/../lib/gcc/arm-none-eabi/7.3.1/../../../../arm-none-eabi/lib/thumb/v7-m\libc_nano.a(lib_a-findfp.o)
 .debug_frame   0x00000000000029b4       0x54 c:/st/stm32cubeide_1.4.0/stm32cubeide/plugins/com.st.stm32cube.ide.mcu.externaltools.gnu-tools-for-stm32.7-2018-q2-update.win32_1.4.0.202007081208/tools/bin/../lib/gcc/arm-none-eabi/7.3.1/../../../../arm-none-eabi/lib/thumb/v7-m\libc_nano.a(lib_a-fwalk.o)
 .debug_frame   0x0000000000002a08       0x58 c:/st/stm32cubeide_1.4.0/stm32cubeide/plugins/com.st.stm32cube.ide.mcu.externaltools.gnu-tools-for-stm32.7-2018-q2-update.win32_1.4.0.202007081208/tools/bin/../lib/gcc/arm-none-eabi/7.3.1/../../../../arm-none-eabi/lib/thumb/v7-m\libc_nano.a(lib_a-makebuf.o)
 .debug_frame   0x0000000000002a60       0x38 c:/st/stm32cubeide_1.4.0/stm32cubeide/plugins/com.st.stm32cube.ide.mcu.externaltools.gnu-tools-for-stm32.7-2018-q2-update.win32_1.4.0.202007081208/tools/bin/../lib/gcc/arm-none-eabi/7.3.1/../../../../arm-none-eabi/lib/thumb/v7-m\libc_nano.a(lib_a-nano-freer.o)
 .debug_frame   0x0000000000002a98       0x2c c:/st/stm32cubeide_1.4.0/stm32cubeide/plugins/com.st.stm32cube.ide.mcu.externaltools.gnu-tools-for-stm32.7-2018-q2-update.win32_1.4.0.202007081208/tools/bin/../lib/gcc/arm-none-eabi/7.3.1/../../../../arm-none-eabi/lib/thumb/v7-m\libc_nano.a(lib_a-nano-mallocr.o)
 .debug_frame   0x0000000000002ac4       0x90 c:/st/stm32cubeide_1.4.0/stm32cubeide/plugins/com.st.stm32cube.ide.mcu.externaltools.gnu-tools-for-stm32.7-2018-q2-update.win32_1.4.0.202007081208/tools/bin/../lib/gcc/arm-none-eabi/7.3.1/../../../../arm-none-eabi/lib/thumb/v7-m\libc_nano.a(lib_a-nano-svfprintf.o)
 .debug_frame   0x0000000000002b54       0xac c:/st/stm32cubeide_1.4.0/stm32cubeide/plugins/com.st.stm32cube.ide.mcu.externaltools.gnu-tools-for-stm32.7-2018-q2-update.win32_1.4.0.202007081208/tools/bin/../lib/gcc/arm-none-eabi/7.3.1/../../../../arm-none-eabi/lib/thumb/v7-m\libc_nano.a(lib_a-nano-vfprintf.o)
 .debug_frame   0x0000000000002c00       0x60 c:/st/stm32cubeide_1.4.0/stm32cubeide/plugins/com.st.stm32cube.ide.mcu.externaltools.gnu-tools-for-stm32.7-2018-q2-update.win32_1.4.0.202007081208/tools/bin/../lib/gcc/arm-none-eabi/7.3.1/../../../../arm-none-eabi/lib/thumb/v7-m\libc_nano.a(lib_a-nano-vfprintf_i.o)
 .debug_frame   0x0000000000002c60       0x2c c:/st/stm32cubeide_1.4.0/stm32cubeide/plugins/com.st.stm32cube.ide.mcu.externaltools.gnu-tools-for-stm32.7-2018-q2-update.win32_1.4.0.202007081208/tools/bin/../lib/gcc/arm-none-eabi/7.3.1/../../../../arm-none-eabi/lib/thumb/v7-m\libc_nano.a(lib_a-sbrkr.o)
 .debug_frame   0x0000000000002c8c       0x88 c:/st/stm32cubeide_1.4.0/stm32cubeide/plugins/com.st.stm32cube.ide.mcu.externaltools.gnu-tools-for-stm32.7-2018-q2-update.win32_1.4.0.202007081208/tools/bin/../lib/gcc/arm-none-eabi/7.3.1/../../../../arm-none-eabi/lib/thumb/v7-m\libc_nano.a(lib_a-stdio.o)
 .debug_frame   0x0000000000002d14       0x2c c:/st/stm32cubeide_1.4.0/stm32cubeide/plugins/com.st.stm32cube.ide.mcu.externaltools.gnu-tools-for-stm32.7-2018-q2-update.win32_1.4.0.202007081208/tools/bin/../lib/gcc/arm-none-eabi/7.3.1/../../../../arm-none-eabi/lib/thumb/v7-m\libc_nano.a(lib_a-writer.o)
 .debug_frame   0x0000000000002d40       0x2c c:/st/stm32cubeide_1.4.0/stm32cubeide/plugins/com.st.stm32cube.ide.mcu.externaltools.gnu-tools-for-stm32.7-2018-q2-update.win32_1.4.0.202007081208/tools/bin/../lib/gcc/arm-none-eabi/7.3.1/../../../../arm-none-eabi/lib/thumb/v7-m\libc_nano.a(lib_a-closer.o)
 .debug_frame   0x0000000000002d6c       0x2c c:/st/stm32cubeide_1.4.0/stm32cubeide/plugins/com.st.stm32cube.ide.mcu.externaltools.gnu-tools-for-stm32.7-2018-q2-update.win32_1.4.0.202007081208/tools/bin/../lib/gcc/arm-none-eabi/7.3.1/../../../../arm-none-eabi/lib/thumb/v7-m\libc_nano.a(lib_a-fstatr.o)
 .debug_frame   0x0000000000002d98       0x2c c:/st/stm32cubeide_1.4.0/stm32cubeide/plugins/com.st.stm32cube.ide.mcu.externaltools.gnu-tools-for-stm32.7-2018-q2-update.win32_1.4.0.202007081208/tools/bin/../lib/gcc/arm-none-eabi/7.3.1/../../../../arm-none-eabi/lib/thumb/v7-m\libc_nano.a(lib_a-isattyr.o)